FOUND: yes
RAW_SHA256: cc6a999866a05028af529a4723f678f896d5b09cfb5dcc2082662fd5ba6b3442
RAW_BYTES: 154518
HEADER_SECTION_BYTES: 154489
HEADER_END_OFFSET: 154489
BODY_OFFSET: 154493
FIRST_MALFORMED_OFFSET: 
LOGICAL_HEADERS: 9
RECEIVED_EXACT: 3
RECEIVED_CI: 3
RECEIVED_SPACE: 0
RECEIVED_UTF8: 0
RECEIVED_IN_BODY: 0
MALFORMED_IN_HEADER: 0
LARGEST_HEADER_BYTES: 153876
NAME Received: header=3 body=0
NAME From: header=1 body=0
NAME To: header=1 body=0
NAME Subject: header=1 body=0
NAME Message-ID: header=1 body=0
NAME X-Case-ID: header=1 body=0
NAME MIME-Error: header=0 body=0
