[23:32:52] starting verifiers
[23:33:01] signer default: {"tool": "dkimpy", "version": "1.1.8", "default_h": "from : to : date : subject : message-id : from"} 
[23:33:02] preflight reference=pass verifiers={'dkimpy': 'pass', 'perl': 'pass', 'go': 'pass', 'rspamd': 'tool-error'}
[23:34:02] starting verifiers
[23:34:04] signer default: {"tool": "dkimpy", "version": "1.1.8", "default_h": "from : to : date : subject : message-id : from"} 
[23:34:05] preflight reference=pass verifiers={'dkimpy': 'pass', 'perl': 'pass', 'go': 'pass', 'rspamd': 'pass'}
[23:34:06] smoke from-relaxed-n1-h1-unchanged statuses={'dkimpy': 'pass', 'perl': 'pass', 'go': 'pass', 'rspamd': 'pass'} reference=pass smoke_ok=True
[23:34:07] split from-relaxed-n1-h1-insert-before {'dkimpy': 'fail', 'perl': 'pass', 'go': 'pass', 'rspamd': 'fail'} causes={'dkimpy': 'matches-top-down-oracle', 'perl': 'matches-rfc6376-bottom-up-section-3.5', 'go': 'matches-rfc6376-bottom-up-section-3.5', 'rspamd': 'matches-top-down-oracle'}
[23:34:14] split from-relaxed-n2-h1-edit-first {'dkimpy': 'fail', 'perl': 'pass', 'go': 'pass', 'rspamd': 'fail'} causes={'dkimpy': 'matches-top-down-oracle', 'perl': 'matches-rfc6376-bottom-up-section-3.5', 'go': 'matches-rfc6376-bottom-up-section-3.5', 'rspamd': 'matches-top-down-oracle'}
[23:34:37] split from-simple-n1-h1-insert-before {'dkimpy': 'fail', 'perl': 'pass', 'go': 'pass', 'rspamd': 'fail'} causes={'dkimpy': 'matches-top-down-oracle', 'perl': 'matches-rfc6376-bottom-up-section-3.5', 'go': 'matches-rfc6376-bottom-up-section-3.5', 'rspamd': 'matches-top-down-oracle'}
[23:34:45] split from-simple-n2-h1-edit-first {'dkimpy': 'fail', 'perl': 'pass', 'go': 'pass', 'rspamd': 'fail'} causes={'dkimpy': 'matches-top-down-oracle', 'perl': 'matches-rfc6376-bottom-up-section-3.5', 'go': 'matches-rfc6376-bottom-up-section-3.5', 'rspamd': 'matches-top-down-oracle'}
[23:35:13] split subject-relaxed-n1-h1-insert-before {'dkimpy': 'pass', 'perl': 'pass', 'go': 'pass', 'rspamd': 'fail'} causes={'dkimpy': 'matches-rfc6376-bottom-up-section-3.5', 'perl': 'matches-rfc6376-bottom-up-section-3.5', 'go': 'matches-rfc6376-bottom-up-section-3.5', 'rspamd': 'matches-top-down-oracle'}
[23:35:19] split subject-relaxed-n2-h1-edit-first {'dkimpy': 'pass', 'perl': 'pass', 'go': 'pass', 'rspamd': 'fail'} causes={'dkimpy': 'matches-rfc6376-bottom-up-section-3.5', 'perl': 'matches-rfc6376-bottom-up-section-3.5', 'go': 'matches-rfc6376-bottom-up-section-3.5', 'rspamd': 'matches-top-down-oracle'}
[23:35:36] split subject-simple-n1-h1-insert-before {'dkimpy': 'pass', 'perl': 'pass', 'go': 'pass', 'rspamd': 'fail'} causes={'dkimpy': 'matches-rfc6376-bottom-up-section-3.5', 'perl': 'matches-rfc6376-bottom-up-section-3.5', 'go': 'matches-rfc6376-bottom-up-section-3.5', 'rspamd': 'matches-top-down-oracle'}
[23:35:43] split subject-simple-n2-h1-edit-first {'dkimpy': 'pass', 'perl': 'pass', 'go': 'pass', 'rspamd': 'fail'} causes={'dkimpy': 'matches-rfc6376-bottom-up-section-3.5', 'perl': 'matches-rfc6376-bottom-up-section-3.5', 'go': 'matches-rfc6376-bottom-up-section-3.5', 'rspamd': 'matches-top-down-oracle'}
[23:36:04] split message-id-relaxed-n1-h1-insert-before {'dkimpy': 'pass', 'perl': 'pass', 'go': 'pass', 'rspamd': 'fail'} causes={'dkimpy': 'matches-rfc6376-bottom-up-section-3.5', 'perl': 'matches-rfc6376-bottom-up-section-3.5', 'go': 'matches-rfc6376-bottom-up-section-3.5', 'rspamd': 'matches-top-down-oracle'}
[23:36:11] split message-id-relaxed-n2-h1-edit-first {'dkimpy': 'pass', 'perl': 'pass', 'go': 'pass', 'rspamd': 'fail'} causes={'dkimpy': 'matches-rfc6376-bottom-up-section-3.5', 'perl': 'matches-rfc6376-bottom-up-section-3.5', 'go': 'matches-rfc6376-bottom-up-section-3.5', 'rspamd': 'matches-top-down-oracle'}
[23:36:39] split message-id-simple-n1-h1-insert-before {'dkimpy': 'pass', 'perl': 'pass', 'go': 'pass', 'rspamd': 'fail'} causes={'dkimpy': 'matches-rfc6376-bottom-up-section-3.5', 'perl': 'matches-rfc6376-bottom-up-section-3.5', 'go': 'matches-rfc6376-bottom-up-section-3.5', 'rspamd': 'matches-top-down-oracle'}
[23:36:46] split message-id-simple-n2-h1-edit-first {'dkimpy': 'pass', 'perl': 'pass', 'go': 'pass', 'rspamd': 'fail'} causes={'dkimpy': 'matches-rfc6376-bottom-up-section-3.5', 'perl': 'matches-rfc6376-bottom-up-section-3.5', 'go': 'matches-rfc6376-bottom-up-section-3.5', 'rspamd': 'matches-top-down-oracle'}
[23:37:06] causal gate passed=False divergences=24
