FOUND: yes
RAW_SHA256: 2297f339681e019ac9da902948e3b5044902ef092803969582c01b80f38a5fe3
RAW_BYTES: 102748
HEADER_SECTION_BYTES: 102719
HEADER_END_OFFSET: 102719
BODY_OFFSET: 102723
FIRST_MALFORMED_OFFSET: 
LOGICAL_HEADERS: 11
RECEIVED_EXACT: 5
RECEIVED_CI: 5
RECEIVED_SPACE: 0
RECEIVED_UTF8: 0
RECEIVED_IN_BODY: 0
MALFORMED_IN_HEADER: 0
LARGEST_HEADER_BYTES: 101700
NAME Received: header=5 body=0
NAME From: header=1 body=0
NAME To: header=1 body=0
NAME Subject: header=1 body=0
NAME Message-ID: header=1 body=0
NAME X-Case-ID: header=1 body=0
NAME MIME-Error: header=0 body=0
