Sep 05 10:35:30 postfix1 postfix/smtpd[193]: connect from mail-client.received-lab_mailnet[172.22.0.3]
Sep 05 10:35:30 postfix1 postfix/smtpd[193]: B10E51F5451: client=mail-client.received-lab_mailnet[172.22.0.3]
Sep 05 10:35:30 postfix1 postfix/cleanup[197]: B10E51F5451: resent-message-id=<resent-RB100-0000@sender.lab.test>
Sep 05 10:35:30 postfix1 postfix/cleanup[197]: B10E51F5451: resent-message-id=<resent-RB100-0001@sender.lab.test>
Sep 05 10:35:30 postfix1 postfix/cleanup[197]: B10E51F5451: resent-message-id=<resent-RB100-0002@sender.lab.test>
Sep 05 10:35:30 postfix1 postfix/cleanup[197]: B10E51F5451: resent-message-id=<resent-RB100-0003@sender.lab.test>
Sep 05 10:35:30 postfix1 postfix/cleanup[197]: B10E51F5451: resent-message-id=<resent-RB100-0004@sender.lab.test>
Sep 05 10:35:30 postfix1 postfix/cleanup[197]: B10E51F5451: resent-message-id=<resent-RB100-0005@sender.lab.test>
Sep 05 10:35:30 postfix1 postfix/cleanup[197]: B10E51F5451: resent-message-id=<resent-RB100-0006@sender.lab.test>
Sep 05 10:35:30 postfix1 postfix/cleanup[197]: B10E51F5451: resent-message-id=<resent-RB100-0007@sender.lab.test>
Sep 05 10:35:30 postfix1 postfix/cleanup[197]: B10E51F5451: resent-message-id=<resent-RB100-0008@sender.lab.test>
Sep 05 10:35:30 postfix1 postfix/cleanup[197]: B10E51F5451: resent-message-id=<resent-RB100-0009@sender.lab.test>
Sep 05 10:35:30 postfix1 postfix/cleanup[197]: B10E51F5451: resent-message-id=<resent-RB100-0010@sender.lab.test>
Sep 05 10:35:30 postfix1 postfix/cleanup[197]: B10E51F5451: resent-message-id=<resent-RB100-0011@sender.lab.test>
Sep 05 10:35:30 postfix1 postfix/cleanup[197]: B10E51F5451: resent-message-id=<resent-RB100-0012@sender.lab.test>
Sep 05 10:35:30 postfix1 postfix/cleanup[197]: B10E51F5451: resent-message-id=<resent-RB100-0013@sender.lab.test>
Sep 05 10:35:30 postfix1 postfix/cleanup[197]: B10E51F5451: resent-message-id=<resent-RB100-0014@sender.lab.test>
Sep 05 10:35:30 postfix1 postfix/cleanup[197]: B10E51F5451: resent-message-id=<resent-RB100-0015@sender.lab.test>
Sep 05 10:35:30 postfix1 postfix/cleanup[197]: B10E51F5451: resent-message-id=<resent-RB100-0016@sender.lab.test>
Sep 05 10:35:30 postfix1 postfix/cleanup[197]: B10E51F5451: resent-message-id=<resent-RB100-0017@sender.lab.test>
Sep 05 10:35:30 postfix1 postfix/cleanup[197]: B10E51F5451: resent-message-id=<resent-RB100-0018@sender.lab.test>
Sep 05 10:35:30 postfix1 postfix/cleanup[197]: B10E51F5451: resent-message-id=<resent-RB100-0019@sender.lab.test>
Sep 05 10:35:30 postfix1 postfix/cleanup[197]: B10E51F5451: resent-message-id=<resent-RB100-0020@sender.lab.test>
Sep 05 10:35:30 postfix1 postfix/cleanup[197]: B10E51F5451: resent-message-id=<resent-RB100-0021@sender.lab.test>
Sep 05 10:35:30 postfix1 postfix/cleanup[197]: B10E51F5451: resent-message-id=<resent-RB100-0022@sender.lab.test>
Sep 05 10:35:30 postfix1 postfix/cleanup[197]: B10E51F5451: resent-message-id=<resent-RB100-0023@sender.lab.test>
Sep 05 10:35:30 postfix1 postfix/cleanup[197]: B10E51F5451: resent-message-id=<resent-RB100-0024@sender.lab.test>
Sep 05 10:35:30 postfix1 postfix/cleanup[197]: B10E51F5451: resent-message-id=<resent-RB100-0025@sender.lab.test>
Sep 05 10:35:30 postfix1 postfix/cleanup[197]: B10E51F5451: resent-message-id=<resent-RB100-0026@sender.lab.test>
Sep 05 10:35:30 postfix1 postfix/cleanup[197]: B10E51F5451: resent-message-id=<resent-RB100-0027@sender.lab.test>
Sep 05 10:35:30 postfix1 postfix/cleanup[197]: B10E51F5451: resent-message-id=<resent-RB100-0028@sender.lab.test>
Sep 05 10:35:30 postfix1 postfix/cleanup[197]: B10E51F5451: resent-message-id=<resent-RB100-0029@sender.lab.test>
Sep 05 10:35:30 postfix1 postfix/cleanup[197]: B10E51F5451: resent-message-id=<resent-RB100-0030@sender.lab.test>
Sep 05 10:35:30 postfix1 postfix/cleanup[197]: B10E51F5451: resent-message-id=<resent-RB100-0031@sender.lab.test>
Sep 05 10:35:30 postfix1 postfix/cleanup[197]: B10E51F5451: resent-message-id=<resent-RB100-0032@sender.lab.test>
Sep 05 10:35:30 postfix1 postfix/cleanup[197]: B10E51F5451: resent-message-id=<resent-RB100-0033@sender.lab.test>
Sep 05 10:35:30 postfix1 postfix/cleanup[197]: B10E51F5451: resent-message-id=<resent-RB100-0034@sender.lab.test>
Sep 05 10:35:30 postfix1 postfix/cleanup[197]: B10E51F5451: resent-message-id=<resent-RB100-0035@sender.lab.test>
Sep 05 10:35:30 postfix1 postfix/cleanup[197]: B10E51F5451: resent-message-id=<resent-RB100-0036@sender.lab.test>
Sep 05 10:35:30 postfix1 postfix/cleanup[197]: B10E51F5451: resent-message-id=<resent-RB100-0037@sender.lab.test>
Sep 05 10:35:30 postfix1 postfix/cleanup[197]: B10E51F5451: resent-message-id=<resent-RB100-0038@sender.lab.test>
Sep 05 10:35:30 postfix1 postfix/cleanup[197]: B10E51F5451: resent-message-id=<resent-RB100-0039@sender.lab.test>
Sep 05 10:35:30 postfix1 postfix/cleanup[197]: B10E51F5451: resent-message-id=<resent-RB100-0040@sender.lab.test>
Sep 05 10:35:30 postfix1 postfix/cleanup[197]: B10E51F5451: resent-message-id=<resent-RB100-0041@sender.lab.test>
Sep 05 10:35:30 postfix1 postfix/cleanup[197]: B10E51F5451: resent-message-id=<resent-RB100-0042@sender.lab.test>
Sep 05 10:35:30 postfix1 postfix/cleanup[197]: B10E51F5451: resent-message-id=<resent-RB100-0043@sender.lab.test>
Sep 05 10:35:30 postfix1 postfix/cleanup[197]: B10E51F5451: resent-message-id=<resent-RB100-0044@sender.lab.test>
Sep 05 10:35:30 postfix1 postfix/cleanup[197]: B10E51F5451: resent-message-id=<resent-RB100-0045@sender.lab.test>
Sep 05 10:35:30 postfix1 postfix/cleanup[197]: B10E51F5451: resent-message-id=<resent-RB100-0046@sender.lab.test>
Sep 05 10:35:30 postfix1 postfix/cleanup[197]: B10E51F5451: resent-message-id=<resent-RB100-0047@sender.lab.test>
Sep 05 10:35:30 postfix1 postfix/cleanup[197]: B10E51F5451: resent-message-id=<resent-RB100-0048@sender.lab.test>
Sep 05 10:35:30 postfix1 postfix/cleanup[197]: B10E51F5451: resent-message-id=<resent-RB100-0049@sender.lab.test>
Sep 05 10:35:30 postfix1 postfix/cleanup[197]: B10E51F5451: resent-message-id=<resent-RB100-0050@sender.lab.test>
Sep 05 10:35:30 postfix1 postfix/cleanup[197]: B10E51F5451: resent-message-id=<resent-RB100-0051@sender.lab.test>
Sep 05 10:35:30 postfix1 postfix/cleanup[197]: B10E51F5451: resent-message-id=<resent-RB100-0052@sender.lab.test>
Sep 05 10:35:30 postfix1 postfix/cleanup[197]: B10E51F5451: resent-message-id=<resent-RB100-0053@sender.lab.test>
Sep 05 10:35:30 postfix1 postfix/cleanup[197]: B10E51F5451: resent-message-id=<resent-RB100-0054@sender.lab.test>
Sep 05 10:35:30 postfix1 postfix/cleanup[197]: B10E51F5451: resent-message-id=<resent-RB100-0055@sender.lab.test>
Sep 05 10:35:30 postfix1 postfix/cleanup[197]: B10E51F5451: resent-message-id=<resent-RB100-0056@sender.lab.test>
Sep 05 10:35:30 postfix1 postfix/cleanup[197]: B10E51F5451: resent-message-id=<resent-RB100-0057@sender.lab.test>
Sep 05 10:35:30 postfix1 postfix/cleanup[197]: B10E51F5451: resent-message-id=<resent-RB100-0058@sender.lab.test>
Sep 05 10:35:30 postfix1 postfix/cleanup[197]: B10E51F5451: resent-message-id=<resent-RB100-0059@sender.lab.test>
Sep 05 10:35:30 postfix1 postfix/cleanup[197]: B10E51F5451: resent-message-id=<resent-RB100-0060@sender.lab.test>
Sep 05 10:35:30 postfix1 postfix/cleanup[197]: B10E51F5451: resent-message-id=<resent-RB100-0061@sender.lab.test>
Sep 05 10:35:30 postfix1 postfix/cleanup[197]: B10E51F5451: resent-message-id=<resent-RB100-0062@sender.lab.test>
Sep 05 10:35:30 postfix1 postfix/cleanup[197]: B10E51F5451: resent-message-id=<resent-RB100-0063@sender.lab.test>
Sep 05 10:35:30 postfix1 postfix/cleanup[197]: B10E51F5451: resent-message-id=<resent-RB100-0064@sender.lab.test>
Sep 05 10:35:30 postfix1 postfix/cleanup[197]: B10E51F5451: resent-message-id=<resent-RB100-0065@sender.lab.test>
Sep 05 10:35:30 postfix1 postfix/cleanup[197]: B10E51F5451: resent-message-id=<resent-RB100-0066@sender.lab.test>
Sep 05 10:35:30 postfix1 postfix/cleanup[197]: B10E51F5451: resent-message-id=<resent-RB100-0067@sender.lab.test>
Sep 05 10:35:30 postfix1 postfix/cleanup[197]: B10E51F5451: resent-message-id=<resent-RB100-0068@sender.lab.test>
Sep 05 10:35:30 postfix1 postfix/cleanup[197]: B10E51F5451: resent-message-id=<resent-RB100-0069@sender.lab.test>
Sep 05 10:35:30 postfix1 postfix/cleanup[197]: B10E51F5451: resent-message-id=<resent-RB100-0070@sender.lab.test>
Sep 05 10:35:30 postfix1 postfix/cleanup[197]: B10E51F5451: resent-message-id=<resent-RB100-0071@sender.lab.test>
Sep 05 10:35:30 postfix1 postfix/cleanup[197]: B10E51F5451: resent-message-id=<resent-RB100-0072@sender.lab.test>
Sep 05 10:35:30 postfix1 postfix/cleanup[197]: B10E51F5451: resent-message-id=<resent-RB100-0073@sender.lab.test>
Sep 05 10:35:30 postfix1 postfix/cleanup[197]: B10E51F5451: resent-message-id=<resent-RB100-0074@sender.lab.test>
Sep 05 10:35:30 postfix1 postfix/cleanup[197]: B10E51F5451: resent-message-id=<resent-RB100-0075@sender.lab.test>
Sep 05 10:35:30 postfix1 postfix/cleanup[197]: B10E51F5451: resent-message-id=<resent-RB100-0076@sender.lab.test>
Sep 05 10:35:30 postfix1 postfix/cleanup[197]: B10E51F5451: resent-message-id=<resent-RB100-0077@sender.lab.test>
Sep 05 10:35:30 postfix1 postfix/cleanup[197]: B10E51F5451: resent-message-id=<resent-RB100-0078@sender.lab.test>
Sep 05 10:35:30 postfix1 postfix/cleanup[197]: B10E51F5451: resent-message-id=<resent-RB100-0079@sender.lab.test>
Sep 05 10:35:30 postfix1 postfix/cleanup[197]: B10E51F5451: resent-message-id=<resent-RB100-0080@sender.lab.test>
Sep 05 10:35:30 postfix1 postfix/cleanup[197]: B10E51F5451: resent-message-id=<resent-RB100-0081@sender.lab.test>
Sep 05 10:35:30 postfix1 postfix/cleanup[197]: B10E51F5451: resent-message-id=<resent-RB100-0082@sender.lab.test>
Sep 05 10:35:30 postfix1 postfix/cleanup[197]: B10E51F5451: resent-message-id=<resent-RB100-0083@sender.lab.test>
Sep 05 10:35:30 postfix1 postfix/cleanup[197]: B10E51F5451: resent-message-id=<resent-RB100-0084@sender.lab.test>
Sep 05 10:35:30 postfix1 postfix/cleanup[197]: B10E51F5451: resent-message-id=<resent-RB100-0085@sender.lab.test>
Sep 05 10:35:30 postfix1 postfix/cleanup[197]: B10E51F5451: resent-message-id=<resent-RB100-0086@sender.lab.test>
Sep 05 10:35:30 postfix1 postfix/cleanup[197]: B10E51F5451: resent-message-id=<resent-RB100-0087@sender.lab.test>
Sep 05 10:35:30 postfix1 postfix/cleanup[197]: B10E51F5451: resent-message-id=<resent-RB100-0088@sender.lab.test>
Sep 05 10:35:30 postfix1 postfix/cleanup[197]: B10E51F5451: resent-message-id=<resent-RB100-0089@sender.lab.test>
Sep 05 10:35:30 postfix1 postfix/cleanup[197]: B10E51F5451: resent-message-id=<resent-RB100-0090@sender.lab.test>
Sep 05 10:35:30 postfix1 postfix/cleanup[197]: B10E51F5451: resent-message-id=<resent-RB100-0091@sender.lab.test>
Sep 05 10:35:30 postfix1 postfix/cleanup[197]: B10E51F5451: resent-message-id=<resent-RB100-0092@sender.lab.test>
Sep 05 10:35:30 postfix1 postfix/cleanup[197]: B10E51F5451: resent-message-id=<resent-RB100-0093@sender.lab.test>
Sep 05 10:35:30 postfix1 postfix/cleanup[197]: B10E51F5451: resent-message-id=<resent-RB100-0094@sender.lab.test>
Sep 05 10:35:30 postfix1 postfix/cleanup[197]: B10E51F5451: resent-message-id=<resent-RB100-0095@sender.lab.test>
Sep 05 10:35:30 postfix1 postfix/cleanup[197]: B10E51F5451: resent-message-id=<resent-RB100-0096@sender.lab.test>
Sep 05 10:35:30 postfix1 postfix/cleanup[197]: B10E51F5451: resent-message-id=<resent-RB100-0097@sender.lab.test>
Sep 05 10:35:30 postfix1 postfix/cleanup[197]: B10E51F5451: resent-message-id=<resent-RB100-0098@sender.lab.test>
Sep 05 10:35:30 postfix1 postfix/cleanup[197]: B10E51F5451: resent-message-id=<resent-RB100-0099@sender.lab.test>
Sep 05 10:35:30 postfix1 postfix/cleanup[197]: B10E51F5451: message-id=<RB100@sender.lab.test>
Sep 05 10:35:30 postfix1 postfix/qmgr[185]: B10E51F5451: from=<alice@sender.lab.test>, size=19009, nrcpt=1 (queue active)
Sep 05 10:35:30 postfix1 postfix/smtpd[193]: disconnect from mail-client.received-lab_mailnet[172.22.0.3] ehlo=1 mail=1 rcpt=1 data=1 quit=1 commands=5
Sep 05 10:35:30 postfix1 postfix/smtp[198]: B10E51F5451: to=<bob@receiver.lab.test>, relay=postfix2[172.22.0.5]:25, delay=0.02, delays=0.01/0/0/0.01, dsn=2.0.0, status=sent (250 2.0.0 Ok: queued as B35791F5454)
Sep 05 10:35:30 postfix1 postfix/qmgr[185]: B10E51F5451: removed
