Sep 05 10:35:31 postfix3 postfix/smtpd[191]: connect from postfix2.received-lab_mailnet[172.22.0.5]
Sep 05 10:35:31 postfix3 postfix/smtpd[191]: 9310DC5176: client=postfix2.received-lab_mailnet[172.22.0.5]
Sep 05 10:35:31 postfix3 postfix/cleanup[195]: 9310DC5176: resent-message-id=<resent-RB300-0000@sender.lab.test>
Sep 05 10:35:31 postfix3 postfix/cleanup[195]: 9310DC5176: resent-message-id=<resent-RB300-0001@sender.lab.test>
Sep 05 10:35:31 postfix3 postfix/cleanup[195]: 9310DC5176: resent-message-id=<resent-RB300-0002@sender.lab.test>
Sep 05 10:35:31 postfix3 postfix/cleanup[195]: 9310DC5176: resent-message-id=<resent-RB300-0003@sender.lab.test>
Sep 05 10:35:31 postfix3 postfix/cleanup[195]: 9310DC5176: resent-message-id=<resent-RB300-0004@sender.lab.test>
Sep 05 10:35:31 postfix3 postfix/cleanup[195]: 9310DC5176: resent-message-id=<resent-RB300-0005@sender.lab.test>
Sep 05 10:35:31 postfix3 postfix/cleanup[195]: 9310DC5176: resent-message-id=<resent-RB300-0006@sender.lab.test>
Sep 05 10:35:31 postfix3 postfix/cleanup[195]: 9310DC5176: resent-message-id=<resent-RB300-0007@sender.lab.test>
Sep 05 10:35:31 postfix3 postfix/cleanup[195]: 9310DC5176: resent-message-id=<resent-RB300-0008@sender.lab.test>
Sep 05 10:35:31 postfix3 postfix/cleanup[195]: 9310DC5176: resent-message-id=<resent-RB300-0009@sender.lab.test>
Sep 05 10:35:31 postfix3 postfix/cleanup[195]: 9310DC5176: resent-message-id=<resent-RB300-0010@sender.lab.test>
Sep 05 10:35:31 postfix3 postfix/cleanup[195]: 9310DC5176: resent-message-id=<resent-RB300-0011@sender.lab.test>
Sep 05 10:35:31 postfix3 postfix/cleanup[195]: 9310DC5176: resent-message-id=<resent-RB300-0012@sender.lab.test>
Sep 05 10:35:31 postfix3 postfix/cleanup[195]: 9310DC5176: resent-message-id=<resent-RB300-0013@sender.lab.test>
Sep 05 10:35:31 postfix3 postfix/cleanup[195]: 9310DC5176: resent-message-id=<resent-RB300-0014@sender.lab.test>
Sep 05 10:35:31 postfix3 postfix/cleanup[195]: 9310DC5176: resent-message-id=<resent-RB300-0015@sender.lab.test>
Sep 05 10:35:31 postfix3 postfix/cleanup[195]: 9310DC5176: resent-message-id=<resent-RB300-0016@sender.lab.test>
Sep 05 10:35:31 postfix3 postfix/cleanup[195]: 9310DC5176: resent-message-id=<resent-RB300-0017@sender.lab.test>
Sep 05 10:35:31 postfix3 postfix/cleanup[195]: 9310DC5176: resent-message-id=<resent-RB300-0018@sender.lab.test>
Sep 05 10:35:31 postfix3 postfix/cleanup[195]: 9310DC5176: resent-message-id=<resent-RB300-0019@sender.lab.test>
Sep 05 10:35:31 postfix3 postfix/cleanup[195]: 9310DC5176: resent-message-id=<resent-RB300-0020@sender.lab.test>
Sep 05 10:35:31 postfix3 postfix/cleanup[195]: 9310DC5176: resent-message-id=<resent-RB300-0021@sender.lab.test>
Sep 05 10:35:31 postfix3 postfix/cleanup[195]: 9310DC5176: resent-message-id=<resent-RB300-0022@sender.lab.test>
Sep 05 10:35:31 postfix3 postfix/cleanup[195]: 9310DC5176: resent-message-id=<resent-RB300-0023@sender.lab.test>
Sep 05 10:35:31 postfix3 postfix/cleanup[195]: 9310DC5176: resent-message-id=<resent-RB300-0024@sender.lab.test>
Sep 05 10:35:31 postfix3 postfix/cleanup[195]: 9310DC5176: resent-message-id=<resent-RB300-0025@sender.lab.test>
Sep 05 10:35:31 postfix3 postfix/cleanup[195]: 9310DC5176: resent-message-id=<resent-RB300-0026@sender.lab.test>
Sep 05 10:35:31 postfix3 postfix/cleanup[195]: 9310DC5176: resent-message-id=<resent-RB300-0027@sender.lab.test>
Sep 05 10:35:31 postfix3 postfix/cleanup[195]: 9310DC5176: resent-message-id=<resent-RB300-0028@sender.lab.test>
Sep 05 10:35:31 postfix3 postfix/cleanup[195]: 9310DC5176: resent-message-id=<resent-RB300-0029@sender.lab.test>
Sep 05 10:35:31 postfix3 postfix/cleanup[195]: 9310DC5176: resent-message-id=<resent-RB300-0030@sender.lab.test>
Sep 05 10:35:31 postfix3 postfix/cleanup[195]: 9310DC5176: resent-message-id=<resent-RB300-0031@sender.lab.test>
Sep 05 10:35:31 postfix3 postfix/cleanup[195]: 9310DC5176: resent-message-id=<resent-RB300-0032@sender.lab.test>
Sep 05 10:35:31 postfix3 postfix/cleanup[195]: 9310DC5176: resent-message-id=<resent-RB300-0033@sender.lab.test>
Sep 05 10:35:31 postfix3 postfix/cleanup[195]: 9310DC5176: resent-message-id=<resent-RB300-0034@sender.lab.test>
Sep 05 10:35:31 postfix3 postfix/cleanup[195]: 9310DC5176: resent-message-id=<resent-RB300-0035@sender.lab.test>
Sep 05 10:35:31 postfix3 postfix/cleanup[195]: 9310DC5176: resent-message-id=<resent-RB300-0036@sender.lab.test>
Sep 05 10:35:31 postfix3 postfix/cleanup[195]: 9310DC5176: resent-message-id=<resent-RB300-0037@sender.lab.test>
Sep 05 10:35:31 postfix3 postfix/cleanup[195]: 9310DC5176: resent-message-id=<resent-RB300-0038@sender.lab.test>
Sep 05 10:35:31 postfix3 postfix/cleanup[195]: 9310DC5176: resent-message-id=<resent-RB300-0039@sender.lab.test>
Sep 05 10:35:31 postfix3 postfix/cleanup[195]: 9310DC5176: resent-message-id=<resent-RB300-0040@sender.lab.test>
Sep 05 10:35:31 postfix3 postfix/cleanup[195]: 9310DC5176: resent-message-id=<resent-RB300-0041@sender.lab.test>
Sep 05 10:35:31 postfix3 postfix/cleanup[195]: 9310DC5176: resent-message-id=<resent-RB300-0042@sender.lab.test>
Sep 05 10:35:31 postfix3 postfix/cleanup[195]: 9310DC5176: resent-message-id=<resent-RB300-0043@sender.lab.test>
Sep 05 10:35:31 postfix3 postfix/cleanup[195]: 9310DC5176: resent-message-id=<resent-RB300-0044@sender.lab.test>
Sep 05 10:35:31 postfix3 postfix/cleanup[195]: 9310DC5176: resent-message-id=<resent-RB300-0045@sender.lab.test>
Sep 05 10:35:31 postfix3 postfix/cleanup[195]: 9310DC5176: resent-message-id=<resent-RB300-0046@sender.lab.test>
Sep 05 10:35:31 postfix3 postfix/cleanup[195]: 9310DC5176: resent-message-id=<resent-RB300-0047@sender.lab.test>
Sep 05 10:35:31 postfix3 postfix/cleanup[195]: 9310DC5176: resent-message-id=<resent-RB300-0048@sender.lab.test>
Sep 05 10:35:31 postfix3 postfix/cleanup[195]: 9310DC5176: resent-message-id=<resent-RB300-0049@sender.lab.test>
Sep 05 10:35:31 postfix3 postfix/cleanup[195]: 9310DC5176: resent-message-id=<resent-RB300-0050@sender.lab.test>
Sep 05 10:35:31 postfix3 postfix/cleanup[195]: 9310DC5176: resent-message-id=<resent-RB300-0051@sender.lab.test>
Sep 05 10:35:31 postfix3 postfix/cleanup[195]: 9310DC5176: resent-message-id=<resent-RB300-0052@sender.lab.test>
Sep 05 10:35:31 postfix3 postfix/cleanup[195]: 9310DC5176: resent-message-id=<resent-RB300-0053@sender.lab.test>
Sep 05 10:35:31 postfix3 postfix/cleanup[195]: 9310DC5176: resent-message-id=<resent-RB300-0054@sender.lab.test>
Sep 05 10:35:31 postfix3 postfix/cleanup[195]: 9310DC5176: resent-message-id=<resent-RB300-0055@sender.lab.test>
Sep 05 10:35:31 postfix3 postfix/cleanup[195]: 9310DC5176: resent-message-id=<resent-RB300-0056@sender.lab.test>
Sep 05 10:35:31 postfix3 postfix/cleanup[195]: 9310DC5176: resent-message-id=<resent-RB300-0057@sender.lab.test>
Sep 05 10:35:31 postfix3 postfix/cleanup[195]: 9310DC5176: resent-message-id=<resent-RB300-0058@sender.lab.test>
Sep 05 10:35:31 postfix3 postfix/cleanup[195]: 9310DC5176: resent-message-id=<resent-RB300-0059@sender.lab.test>
Sep 05 10:35:31 postfix3 postfix/cleanup[195]: 9310DC5176: resent-message-id=<resent-RB300-0060@sender.lab.test>
Sep 05 10:35:31 postfix3 postfix/cleanup[195]: 9310DC5176: resent-message-id=<resent-RB300-0061@sender.lab.test>
Sep 05 10:35:31 postfix3 postfix/cleanup[195]: 9310DC5176: resent-message-id=<resent-RB300-0062@sender.lab.test>
Sep 05 10:35:31 postfix3 postfix/cleanup[195]: 9310DC5176: resent-message-id=<resent-RB300-0063@sender.lab.test>
Sep 05 10:35:31 postfix3 postfix/cleanup[195]: 9310DC5176: resent-message-id=<resent-RB300-0064@sender.lab.test>
Sep 05 10:35:31 postfix3 postfix/cleanup[195]: 9310DC5176: resent-message-id=<resent-RB300-0065@sender.lab.test>
Sep 05 10:35:31 postfix3 postfix/cleanup[195]: 9310DC5176: resent-message-id=<resent-RB300-0066@sender.lab.test>
Sep 05 10:35:31 postfix3 postfix/cleanup[195]: 9310DC5176: resent-message-id=<resent-RB300-0067@sender.lab.test>
Sep 05 10:35:31 postfix3 postfix/cleanup[195]: 9310DC5176: resent-message-id=<resent-RB300-0068@sender.lab.test>
Sep 05 10:35:31 postfix3 postfix/cleanup[195]: 9310DC5176: resent-message-id=<resent-RB300-0069@sender.lab.test>
Sep 05 10:35:31 postfix3 postfix/cleanup[195]: 9310DC5176: resent-message-id=<resent-RB300-0070@sender.lab.test>
Sep 05 10:35:31 postfix3 postfix/cleanup[195]: 9310DC5176: resent-message-id=<resent-RB300-0071@sender.lab.test>
Sep 05 10:35:31 postfix3 postfix/cleanup[195]: 9310DC5176: resent-message-id=<resent-RB300-0072@sender.lab.test>
Sep 05 10:35:31 postfix3 postfix/cleanup[195]: 9310DC5176: resent-message-id=<resent-RB300-0073@sender.lab.test>
Sep 05 10:35:31 postfix3 postfix/cleanup[195]: 9310DC5176: resent-message-id=<resent-RB300-0074@sender.lab.test>
Sep 05 10:35:31 postfix3 postfix/cleanup[195]: 9310DC5176: resent-message-id=<resent-RB300-0075@sender.lab.test>
Sep 05 10:35:31 postfix3 postfix/cleanup[195]: 9310DC5176: resent-message-id=<resent-RB300-0076@sender.lab.test>
Sep 05 10:35:31 postfix3 postfix/cleanup[195]: 9310DC5176: resent-message-id=<resent-RB300-0077@sender.lab.test>
Sep 05 10:35:31 postfix3 postfix/cleanup[195]: 9310DC5176: resent-message-id=<resent-RB300-0078@sender.lab.test>
Sep 05 10:35:31 postfix3 postfix/cleanup[195]: 9310DC5176: resent-message-id=<resent-RB300-0079@sender.lab.test>
Sep 05 10:35:31 postfix3 postfix/cleanup[195]: 9310DC5176: resent-message-id=<resent-RB300-0080@sender.lab.test>
Sep 05 10:35:31 postfix3 postfix/cleanup[195]: 9310DC5176: resent-message-id=<resent-RB300-0081@sender.lab.test>
Sep 05 10:35:31 postfix3 postfix/cleanup[195]: 9310DC5176: resent-message-id=<resent-RB300-0082@sender.lab.test>
Sep 05 10:35:31 postfix3 postfix/cleanup[195]: 9310DC5176: resent-message-id=<resent-RB300-0083@sender.lab.test>
Sep 05 10:35:31 postfix3 postfix/cleanup[195]: 9310DC5176: resent-message-id=<resent-RB300-0084@sender.lab.test>
Sep 05 10:35:31 postfix3 postfix/cleanup[195]: 9310DC5176: resent-message-id=<resent-RB300-0085@sender.lab.test>
Sep 05 10:35:31 postfix3 postfix/cleanup[195]: 9310DC5176: resent-message-id=<resent-RB300-0086@sender.lab.test>
Sep 05 10:35:31 postfix3 postfix/cleanup[195]: 9310DC5176: resent-message-id=<resent-RB300-0087@sender.lab.test>
Sep 05 10:35:31 postfix3 postfix/cleanup[195]: 9310DC5176: resent-message-id=<resent-RB300-0088@sender.lab.test>
Sep 05 10:35:31 postfix3 postfix/cleanup[195]: 9310DC5176: resent-message-id=<resent-RB300-0089@sender.lab.test>
Sep 05 10:35:31 postfix3 postfix/cleanup[195]: 9310DC5176: resent-message-id=<resent-RB300-0090@sender.lab.test>
Sep 05 10:35:31 postfix3 postfix/cleanup[195]: 9310DC5176: resent-message-id=<resent-RB300-0091@sender.lab.test>
Sep 05 10:35:31 postfix3 postfix/cleanup[195]: 9310DC5176: resent-message-id=<resent-RB300-0092@sender.lab.test>
Sep 05 10:35:31 postfix3 postfix/cleanup[195]: 9310DC5176: resent-message-id=<resent-RB300-0093@sender.lab.test>
Sep 05 10:35:31 postfix3 postfix/cleanup[195]: 9310DC5176: resent-message-id=<resent-RB300-0094@sender.lab.test>
Sep 05 10:35:31 postfix3 postfix/cleanup[195]: 9310DC5176: resent-message-id=<resent-RB300-0095@sender.lab.test>
Sep 05 10:35:31 postfix3 postfix/cleanup[195]: 9310DC5176: resent-message-id=<resent-RB300-0096@sender.lab.test>
Sep 05 10:35:31 postfix3 postfix/cleanup[195]: 9310DC5176: resent-message-id=<resent-RB300-0097@sender.lab.test>
Sep 05 10:35:31 postfix3 postfix/cleanup[195]: 9310DC5176: resent-message-id=<resent-RB300-0098@sender.lab.test>
Sep 05 10:35:31 postfix3 postfix/cleanup[195]: 9310DC5176: resent-message-id=<resent-RB300-0099@sender.lab.test>
Sep 05 10:35:31 postfix3 postfix/cleanup[195]: 9310DC5176: resent-message-id=<resent-RB300-0100@sender.lab.test>
Sep 05 10:35:31 postfix3 postfix/cleanup[195]: 9310DC5176: resent-message-id=<resent-RB300-0101@sender.lab.test>
Sep 05 10:35:31 postfix3 postfix/cleanup[195]: 9310DC5176: resent-message-id=<resent-RB300-0102@sender.lab.test>
Sep 05 10:35:31 postfix3 postfix/cleanup[195]: 9310DC5176: resent-message-id=<resent-RB300-0103@sender.lab.test>
Sep 05 10:35:31 postfix3 postfix/cleanup[195]: 9310DC5176: resent-message-id=<resent-RB300-0104@sender.lab.test>
Sep 05 10:35:31 postfix3 postfix/cleanup[195]: 9310DC5176: resent-message-id=<resent-RB300-0105@sender.lab.test>
Sep 05 10:35:31 postfix3 postfix/cleanup[195]: 9310DC5176: resent-message-id=<resent-RB300-0106@sender.lab.test>
Sep 05 10:35:31 postfix3 postfix/cleanup[195]: 9310DC5176: resent-message-id=<resent-RB300-0107@sender.lab.test>
Sep 05 10:35:31 postfix3 postfix/cleanup[195]: 9310DC5176: resent-message-id=<resent-RB300-0108@sender.lab.test>
Sep 05 10:35:31 postfix3 postfix/cleanup[195]: 9310DC5176: resent-message-id=<resent-RB300-0109@sender.lab.test>
Sep 05 10:35:31 postfix3 postfix/cleanup[195]: 9310DC5176: resent-message-id=<resent-RB300-0110@sender.lab.test>
Sep 05 10:35:31 postfix3 postfix/cleanup[195]: 9310DC5176: resent-message-id=<resent-RB300-0111@sender.lab.test>
Sep 05 10:35:31 postfix3 postfix/cleanup[195]: 9310DC5176: resent-message-id=<resent-RB300-0112@sender.lab.test>
Sep 05 10:35:31 postfix3 postfix/cleanup[195]: 9310DC5176: resent-message-id=<resent-RB300-0113@sender.lab.test>
Sep 05 10:35:31 postfix3 postfix/cleanup[195]: 9310DC5176: resent-message-id=<resent-RB300-0114@sender.lab.test>
Sep 05 10:35:31 postfix3 postfix/cleanup[195]: 9310DC5176: resent-message-id=<resent-RB300-0115@sender.lab.test>
Sep 05 10:35:31 postfix3 postfix/cleanup[195]: 9310DC5176: resent-message-id=<resent-RB300-0116@sender.lab.test>
Sep 05 10:35:31 postfix3 postfix/cleanup[195]: 9310DC5176: resent-message-id=<resent-RB300-0117@sender.lab.test>
Sep 05 10:35:31 postfix3 postfix/cleanup[195]: 9310DC5176: resent-message-id=<resent-RB300-0118@sender.lab.test>
Sep 05 10:35:31 postfix3 postfix/cleanup[195]: 9310DC5176: resent-message-id=<resent-RB300-0119@sender.lab.test>
Sep 05 10:35:31 postfix3 postfix/cleanup[195]: 9310DC5176: resent-message-id=<resent-RB300-0120@sender.lab.test>
Sep 05 10:35:31 postfix3 postfix/cleanup[195]: 9310DC5176: resent-message-id=<resent-RB300-0121@sender.lab.test>
Sep 05 10:35:31 postfix3 postfix/cleanup[195]: 9310DC5176: resent-message-id=<resent-RB300-0122@sender.lab.test>
Sep 05 10:35:31 postfix3 postfix/cleanup[195]: 9310DC5176: resent-message-id=<resent-RB300-0123@sender.lab.test>
Sep 05 10:35:31 postfix3 postfix/cleanup[195]: 9310DC5176: resent-message-id=<resent-RB300-0124@sender.lab.test>
Sep 05 10:35:31 postfix3 postfix/cleanup[195]: 9310DC5176: resent-message-id=<resent-RB300-0125@sender.lab.test>
Sep 05 10:35:31 postfix3 postfix/cleanup[195]: 9310DC5176: resent-message-id=<resent-RB300-0126@sender.lab.test>
Sep 05 10:35:31 postfix3 postfix/cleanup[195]: 9310DC5176: resent-message-id=<resent-RB300-0127@sender.lab.test>
Sep 05 10:35:31 postfix3 postfix/cleanup[195]: 9310DC5176: resent-message-id=<resent-RB300-0128@sender.lab.test>
Sep 05 10:35:31 postfix3 postfix/cleanup[195]: 9310DC5176: resent-message-id=<resent-RB300-0129@sender.lab.test>
Sep 05 10:35:31 postfix3 postfix/cleanup[195]: 9310DC5176: resent-message-id=<resent-RB300-0130@sender.lab.test>
Sep 05 10:35:31 postfix3 postfix/cleanup[195]: 9310DC5176: resent-message-id=<resent-RB300-0131@sender.lab.test>
Sep 05 10:35:31 postfix3 postfix/cleanup[195]: 9310DC5176: resent-message-id=<resent-RB300-0132@sender.lab.test>
Sep 05 10:35:31 postfix3 postfix/cleanup[195]: 9310DC5176: resent-message-id=<resent-RB300-0133@sender.lab.test>
Sep 05 10:35:31 postfix3 postfix/cleanup[195]: 9310DC5176: resent-message-id=<resent-RB300-0134@sender.lab.test>
Sep 05 10:35:31 postfix3 postfix/cleanup[195]: 9310DC5176: resent-message-id=<resent-RB300-0135@sender.lab.test>
Sep 05 10:35:31 postfix3 postfix/cleanup[195]: 9310DC5176: resent-message-id=<resent-RB300-0136@sender.lab.test>
Sep 05 10:35:31 postfix3 postfix/cleanup[195]: 9310DC5176: resent-message-id=<resent-RB300-0137@sender.lab.test>
Sep 05 10:35:31 postfix3 postfix/cleanup[195]: 9310DC5176: resent-message-id=<resent-RB300-0138@sender.lab.test>
Sep 05 10:35:31 postfix3 postfix/cleanup[195]: 9310DC5176: resent-message-id=<resent-RB300-0139@sender.lab.test>
Sep 05 10:35:31 postfix3 postfix/cleanup[195]: 9310DC5176: resent-message-id=<resent-RB300-0140@sender.lab.test>
Sep 05 10:35:31 postfix3 postfix/cleanup[195]: 9310DC5176: resent-message-id=<resent-RB300-0141@sender.lab.test>
Sep 05 10:35:31 postfix3 postfix/cleanup[195]: 9310DC5176: resent-message-id=<resent-RB300-0142@sender.lab.test>
Sep 05 10:35:31 postfix3 postfix/cleanup[195]: 9310DC5176: resent-message-id=<resent-RB300-0143@sender.lab.test>
Sep 05 10:35:31 postfix3 postfix/cleanup[195]: 9310DC5176: resent-message-id=<resent-RB300-0144@sender.lab.test>
Sep 05 10:35:31 postfix3 postfix/cleanup[195]: 9310DC5176: resent-message-id=<resent-RB300-0145@sender.lab.test>
Sep 05 10:35:31 postfix3 postfix/cleanup[195]: 9310DC5176: resent-message-id=<resent-RB300-0146@sender.lab.test>
Sep 05 10:35:31 postfix3 postfix/cleanup[195]: 9310DC5176: resent-message-id=<resent-RB300-0147@sender.lab.test>
Sep 05 10:35:31 postfix3 postfix/cleanup[195]: 9310DC5176: resent-message-id=<resent-RB300-0148@sender.lab.test>
Sep 05 10:35:31 postfix3 postfix/cleanup[195]: 9310DC5176: resent-message-id=<resent-RB300-0149@sender.lab.test>
Sep 05 10:35:31 postfix3 postfix/cleanup[195]: 9310DC5176: resent-message-id=<resent-RB300-0150@sender.lab.test>
Sep 05 10:35:31 postfix3 postfix/cleanup[195]: 9310DC5176: resent-message-id=<resent-RB300-0151@sender.lab.test>
Sep 05 10:35:31 postfix3 postfix/cleanup[195]: 9310DC5176: resent-message-id=<resent-RB300-0152@sender.lab.test>
Sep 05 10:35:31 postfix3 postfix/cleanup[195]: 9310DC5176: resent-message-id=<resent-RB300-0153@sender.lab.test>
Sep 05 10:35:31 postfix3 postfix/cleanup[195]: 9310DC5176: resent-message-id=<resent-RB300-0154@sender.lab.test>
Sep 05 10:35:31 postfix3 postfix/cleanup[195]: 9310DC5176: resent-message-id=<resent-RB300-0155@sender.lab.test>
Sep 05 10:35:31 postfix3 postfix/cleanup[195]: 9310DC5176: resent-message-id=<resent-RB300-0156@sender.lab.test>
Sep 05 10:35:31 postfix3 postfix/cleanup[195]: 9310DC5176: resent-message-id=<resent-RB300-0157@sender.lab.test>
Sep 05 10:35:31 postfix3 postfix/cleanup[195]: 9310DC5176: resent-message-id=<resent-RB300-0158@sender.lab.test>
Sep 05 10:35:31 postfix3 postfix/cleanup[195]: 9310DC5176: resent-message-id=<resent-RB300-0159@sender.lab.test>
Sep 05 10:35:31 postfix3 postfix/cleanup[195]: 9310DC5176: resent-message-id=<resent-RB300-0160@sender.lab.test>
Sep 05 10:35:31 postfix3 postfix/cleanup[195]: 9310DC5176: resent-message-id=<resent-RB300-0161@sender.lab.test>
Sep 05 10:35:31 postfix3 postfix/cleanup[195]: 9310DC5176: resent-message-id=<resent-RB300-0162@sender.lab.test>
Sep 05 10:35:31 postfix3 postfix/cleanup[195]: 9310DC5176: resent-message-id=<resent-RB300-0163@sender.lab.test>
Sep 05 10:35:31 postfix3 postfix/cleanup[195]: 9310DC5176: resent-message-id=<resent-RB300-0164@sender.lab.test>
Sep 05 10:35:31 postfix3 postfix/cleanup[195]: 9310DC5176: resent-message-id=<resent-RB300-0165@sender.lab.test>
Sep 05 10:35:31 postfix3 postfix/cleanup[195]: 9310DC5176: resent-message-id=<resent-RB300-0166@sender.lab.test>
Sep 05 10:35:31 postfix3 postfix/cleanup[195]: 9310DC5176: resent-message-id=<resent-RB300-0167@sender.lab.test>
Sep 05 10:35:31 postfix3 postfix/cleanup[195]: 9310DC5176: resent-message-id=<resent-RB300-0168@sender.lab.test>
Sep 05 10:35:31 postfix3 postfix/cleanup[195]: 9310DC5176: resent-message-id=<resent-RB300-0169@sender.lab.test>
Sep 05 10:35:31 postfix3 postfix/cleanup[195]: 9310DC5176: resent-message-id=<resent-RB300-0170@sender.lab.test>
Sep 05 10:35:31 postfix3 postfix/cleanup[195]: 9310DC5176: resent-message-id=<resent-RB300-0171@sender.lab.test>
Sep 05 10:35:31 postfix3 postfix/cleanup[195]: 9310DC5176: resent-message-id=<resent-RB300-0172@sender.lab.test>
Sep 05 10:35:31 postfix3 postfix/cleanup[195]: 9310DC5176: resent-message-id=<resent-RB300-0173@sender.lab.test>
Sep 05 10:35:31 postfix3 postfix/cleanup[195]: 9310DC5176: resent-message-id=<resent-RB300-0174@sender.lab.test>
Sep 05 10:35:31 postfix3 postfix/cleanup[195]: 9310DC5176: resent-message-id=<resent-RB300-0175@sender.lab.test>
Sep 05 10:35:31 postfix3 postfix/cleanup[195]: 9310DC5176: resent-message-id=<resent-RB300-0176@sender.lab.test>
Sep 05 10:35:31 postfix3 postfix/cleanup[195]: 9310DC5176: resent-message-id=<resent-RB300-0177@sender.lab.test>
Sep 05 10:35:31 postfix3 postfix/cleanup[195]: 9310DC5176: resent-message-id=<resent-RB300-0178@sender.lab.test>
Sep 05 10:35:31 postfix3 postfix/cleanup[195]: 9310DC5176: resent-message-id=<resent-RB300-0179@sender.lab.test>
Sep 05 10:35:31 postfix3 postfix/cleanup[195]: 9310DC5176: resent-message-id=<resent-RB300-0180@sender.lab.test>
Sep 05 10:35:31 postfix3 postfix/cleanup[195]: 9310DC5176: resent-message-id=<resent-RB300-0181@sender.lab.test>
Sep 05 10:35:31 postfix3 postfix/cleanup[195]: 9310DC5176: resent-message-id=<resent-RB300-0182@sender.lab.test>
Sep 05 10:35:31 postfix3 postfix/cleanup[195]: 9310DC5176: resent-message-id=<resent-RB300-0183@sender.lab.test>
Sep 05 10:35:31 postfix3 postfix/cleanup[195]: 9310DC5176: resent-message-id=<resent-RB300-0184@sender.lab.test>
Sep 05 10:35:31 postfix3 postfix/cleanup[195]: 9310DC5176: resent-message-id=<resent-RB300-0185@sender.lab.test>
Sep 05 10:35:31 postfix3 postfix/cleanup[195]: 9310DC5176: resent-message-id=<resent-RB300-0186@sender.lab.test>
Sep 05 10:35:31 postfix3 postfix/cleanup[195]: 9310DC5176: resent-message-id=<resent-RB300-0187@sender.lab.test>
Sep 05 10:35:31 postfix3 postfix/cleanup[195]: 9310DC5176: resent-message-id=<resent-RB300-0188@sender.lab.test>
Sep 05 10:35:31 postfix3 postfix/cleanup[195]: 9310DC5176: resent-message-id=<resent-RB300-0189@sender.lab.test>
Sep 05 10:35:31 postfix3 postfix/cleanup[195]: 9310DC5176: resent-message-id=<resent-RB300-0190@sender.lab.test>
Sep 05 10:35:31 postfix3 postfix/cleanup[195]: 9310DC5176: resent-message-id=<resent-RB300-0191@sender.lab.test>
Sep 05 10:35:31 postfix3 postfix/cleanup[195]: 9310DC5176: resent-message-id=<resent-RB300-0192@sender.lab.test>
Sep 05 10:35:31 postfix3 postfix/cleanup[195]: 9310DC5176: resent-message-id=<resent-RB300-0193@sender.lab.test>
Sep 05 10:35:31 postfix3 postfix/cleanup[195]: 9310DC5176: resent-message-id=<resent-RB300-0194@sender.lab.test>
Sep 05 10:35:31 postfix3 postfix/cleanup[195]: 9310DC5176: resent-message-id=<resent-RB300-0195@sender.lab.test>
Sep 05 10:35:31 postfix3 postfix/cleanup[195]: 9310DC5176: resent-message-id=<resent-RB300-0196@sender.lab.test>
Sep 05 10:35:31 postfix3 postfix/cleanup[195]: 9310DC5176: resent-message-id=<resent-RB300-0197@sender.lab.test>
Sep 05 10:35:31 postfix3 postfix/cleanup[195]: 9310DC5176: resent-message-id=<resent-RB300-0198@sender.lab.test>
Sep 05 10:35:31 postfix3 postfix/cleanup[195]: 9310DC5176: resent-message-id=<resent-RB300-0199@sender.lab.test>
Sep 05 10:35:31 postfix3 postfix/cleanup[195]: 9310DC5176: resent-message-id=<resent-RB300-0200@sender.lab.test>
Sep 05 10:35:31 postfix3 postfix/cleanup[195]: 9310DC5176: resent-message-id=<resent-RB300-0201@sender.lab.test>
Sep 05 10:35:31 postfix3 postfix/cleanup[195]: 9310DC5176: resent-message-id=<resent-RB300-0202@sender.lab.test>
Sep 05 10:35:31 postfix3 postfix/cleanup[195]: 9310DC5176: resent-message-id=<resent-RB300-0203@sender.lab.test>
Sep 05 10:35:31 postfix3 postfix/cleanup[195]: 9310DC5176: resent-message-id=<resent-RB300-0204@sender.lab.test>
Sep 05 10:35:31 postfix3 postfix/cleanup[195]: 9310DC5176: resent-message-id=<resent-RB300-0205@sender.lab.test>
Sep 05 10:35:31 postfix3 postfix/cleanup[195]: 9310DC5176: resent-message-id=<resent-RB300-0206@sender.lab.test>
Sep 05 10:35:31 postfix3 postfix/cleanup[195]: 9310DC5176: resent-message-id=<resent-RB300-0207@sender.lab.test>
Sep 05 10:35:31 postfix3 postfix/cleanup[195]: 9310DC5176: resent-message-id=<resent-RB300-0208@sender.lab.test>
Sep 05 10:35:31 postfix3 postfix/cleanup[195]: 9310DC5176: resent-message-id=<resent-RB300-0209@sender.lab.test>
Sep 05 10:35:31 postfix3 postfix/cleanup[195]: 9310DC5176: resent-message-id=<resent-RB300-0210@sender.lab.test>
Sep 05 10:35:31 postfix3 postfix/cleanup[195]: 9310DC5176: resent-message-id=<resent-RB300-0211@sender.lab.test>
Sep 05 10:35:31 postfix3 postfix/cleanup[195]: 9310DC5176: resent-message-id=<resent-RB300-0212@sender.lab.test>
Sep 05 10:35:31 postfix3 postfix/cleanup[195]: 9310DC5176: resent-message-id=<resent-RB300-0213@sender.lab.test>
Sep 05 10:35:31 postfix3 postfix/cleanup[195]: 9310DC5176: resent-message-id=<resent-RB300-0214@sender.lab.test>
Sep 05 10:35:31 postfix3 postfix/cleanup[195]: 9310DC5176: resent-message-id=<resent-RB300-0215@sender.lab.test>
Sep 05 10:35:31 postfix3 postfix/cleanup[195]: 9310DC5176: resent-message-id=<resent-RB300-0216@sender.lab.test>
Sep 05 10:35:31 postfix3 postfix/cleanup[195]: 9310DC5176: resent-message-id=<resent-RB300-0217@sender.lab.test>
Sep 05 10:35:31 postfix3 postfix/cleanup[195]: 9310DC5176: resent-message-id=<resent-RB300-0218@sender.lab.test>
Sep 05 10:35:31 postfix3 postfix/cleanup[195]: 9310DC5176: resent-message-id=<resent-RB300-0219@sender.lab.test>
Sep 05 10:35:31 postfix3 postfix/cleanup[195]: 9310DC5176: resent-message-id=<resent-RB300-0220@sender.lab.test>
Sep 05 10:35:31 postfix3 postfix/cleanup[195]: 9310DC5176: resent-message-id=<resent-RB300-0221@sender.lab.test>
Sep 05 10:35:31 postfix3 postfix/cleanup[195]: 9310DC5176: resent-message-id=<resent-RB300-0222@sender.lab.test>
Sep 05 10:35:31 postfix3 postfix/cleanup[195]: 9310DC5176: resent-message-id=<resent-RB300-0223@sender.lab.test>
Sep 05 10:35:31 postfix3 postfix/cleanup[195]: 9310DC5176: resent-message-id=<resent-RB300-0224@sender.lab.test>
Sep 05 10:35:31 postfix3 postfix/cleanup[195]: 9310DC5176: resent-message-id=<resent-RB300-0225@sender.lab.test>
Sep 05 10:35:31 postfix3 postfix/cleanup[195]: 9310DC5176: resent-message-id=<resent-RB300-0226@sender.lab.test>
Sep 05 10:35:31 postfix3 postfix/cleanup[195]: 9310DC5176: resent-message-id=<resent-RB300-0227@sender.lab.test>
Sep 05 10:35:31 postfix3 postfix/cleanup[195]: 9310DC5176: resent-message-id=<resent-RB300-0228@sender.lab.test>
Sep 05 10:35:31 postfix3 postfix/cleanup[195]: 9310DC5176: resent-message-id=<resent-RB300-0229@sender.lab.test>
Sep 05 10:35:31 postfix3 postfix/cleanup[195]: 9310DC5176: resent-message-id=<resent-RB300-0230@sender.lab.test>
Sep 05 10:35:31 postfix3 postfix/cleanup[195]: 9310DC5176: resent-message-id=<resent-RB300-0231@sender.lab.test>
Sep 05 10:35:31 postfix3 postfix/cleanup[195]: 9310DC5176: resent-message-id=<resent-RB300-0232@sender.lab.test>
Sep 05 10:35:31 postfix3 postfix/cleanup[195]: 9310DC5176: resent-message-id=<resent-RB300-0233@sender.lab.test>
Sep 05 10:35:31 postfix3 postfix/cleanup[195]: 9310DC5176: resent-message-id=<resent-RB300-0234@sender.lab.test>
Sep 05 10:35:31 postfix3 postfix/cleanup[195]: 9310DC5176: resent-message-id=<resent-RB300-0235@sender.lab.test>
Sep 05 10:35:31 postfix3 postfix/cleanup[195]: 9310DC5176: resent-message-id=<resent-RB300-0236@sender.lab.test>
Sep 05 10:35:31 postfix3 postfix/cleanup[195]: 9310DC5176: resent-message-id=<resent-RB300-0237@sender.lab.test>
Sep 05 10:35:31 postfix3 postfix/cleanup[195]: 9310DC5176: resent-message-id=<resent-RB300-0238@sender.lab.test>
Sep 05 10:35:31 postfix3 postfix/cleanup[195]: 9310DC5176: resent-message-id=<resent-RB300-0239@sender.lab.test>
Sep 05 10:35:31 postfix3 postfix/cleanup[195]: 9310DC5176: resent-message-id=<resent-RB300-0240@sender.lab.test>
Sep 05 10:35:31 postfix3 postfix/cleanup[195]: 9310DC5176: resent-message-id=<resent-RB300-0241@sender.lab.test>
Sep 05 10:35:31 postfix3 postfix/cleanup[195]: 9310DC5176: resent-message-id=<resent-RB300-0242@sender.lab.test>
Sep 05 10:35:31 postfix3 postfix/cleanup[195]: 9310DC5176: resent-message-id=<resent-RB300-0243@sender.lab.test>
Sep 05 10:35:31 postfix3 postfix/cleanup[195]: 9310DC5176: resent-message-id=<resent-RB300-0244@sender.lab.test>
Sep 05 10:35:31 postfix3 postfix/cleanup[195]: 9310DC5176: resent-message-id=<resent-RB300-0245@sender.lab.test>
Sep 05 10:35:31 postfix3 postfix/cleanup[195]: 9310DC5176: resent-message-id=<resent-RB300-0246@sender.lab.test>
Sep 05 10:35:31 postfix3 postfix/cleanup[195]: 9310DC5176: resent-message-id=<resent-RB300-0247@sender.lab.test>
Sep 05 10:35:31 postfix3 postfix/cleanup[195]: 9310DC5176: resent-message-id=<resent-RB300-0248@sender.lab.test>
Sep 05 10:35:31 postfix3 postfix/cleanup[195]: 9310DC5176: resent-message-id=<resent-RB300-0249@sender.lab.test>
Sep 05 10:35:31 postfix3 postfix/cleanup[195]: 9310DC5176: resent-message-id=<resent-RB300-0250@sender.lab.test>
Sep 05 10:35:31 postfix3 postfix/cleanup[195]: 9310DC5176: resent-message-id=<resent-RB300-0251@sender.lab.test>
Sep 05 10:35:31 postfix3 postfix/cleanup[195]: 9310DC5176: resent-message-id=<resent-RB300-0252@sender.lab.test>
Sep 05 10:35:31 postfix3 postfix/cleanup[195]: 9310DC5176: resent-message-id=<resent-RB300-0253@sender.lab.test>
Sep 05 10:35:31 postfix3 postfix/cleanup[195]: 9310DC5176: resent-message-id=<resent-RB300-0254@sender.lab.test>
Sep 05 10:35:31 postfix3 postfix/cleanup[195]: 9310DC5176: resent-message-id=<resent-RB300-0255@sender.lab.test>
Sep 05 10:35:31 postfix3 postfix/cleanup[195]: 9310DC5176: resent-message-id=<resent-RB300-0256@sender.lab.test>
Sep 05 10:35:31 postfix3 postfix/cleanup[195]: 9310DC5176: resent-message-id=<resent-RB300-0257@sender.lab.test>
Sep 05 10:35:31 postfix3 postfix/cleanup[195]: 9310DC5176: resent-message-id=<resent-RB300-0258@sender.lab.test>
Sep 05 10:35:31 postfix3 postfix/cleanup[195]: 9310DC5176: resent-message-id=<resent-RB300-0259@sender.lab.test>
Sep 05 10:35:31 postfix3 postfix/cleanup[195]: 9310DC5176: resent-message-id=<resent-RB300-0260@sender.lab.test>
Sep 05 10:35:31 postfix3 postfix/cleanup[195]: 9310DC5176: resent-message-id=<resent-RB300-0261@sender.lab.test>
Sep 05 10:35:31 postfix3 postfix/cleanup[195]: 9310DC5176: resent-message-id=<resent-RB300-0262@sender.lab.test>
Sep 05 10:35:31 postfix3 postfix/cleanup[195]: 9310DC5176: resent-message-id=<resent-RB300-0263@sender.lab.test>
Sep 05 10:35:31 postfix3 postfix/cleanup[195]: 9310DC5176: resent-message-id=<resent-RB300-0264@sender.lab.test>
Sep 05 10:35:31 postfix3 postfix/cleanup[195]: 9310DC5176: resent-message-id=<resent-RB300-0265@sender.lab.test>
Sep 05 10:35:31 postfix3 postfix/cleanup[195]: 9310DC5176: resent-message-id=<resent-RB300-0266@sender.lab.test>
Sep 05 10:35:31 postfix3 postfix/cleanup[195]: 9310DC5176: resent-message-id=<resent-RB300-0267@sender.lab.test>
Sep 05 10:35:31 postfix3 postfix/cleanup[195]: 9310DC5176: resent-message-id=<resent-RB300-0268@sender.lab.test>
Sep 05 10:35:31 postfix3 postfix/cleanup[195]: 9310DC5176: resent-message-id=<resent-RB300-0269@sender.lab.test>
Sep 05 10:35:31 postfix3 postfix/cleanup[195]: 9310DC5176: resent-message-id=<resent-RB300-0270@sender.lab.test>
Sep 05 10:35:31 postfix3 postfix/cleanup[195]: 9310DC5176: resent-message-id=<resent-RB300-0271@sender.lab.test>
Sep 05 10:35:31 postfix3 postfix/cleanup[195]: 9310DC5176: resent-message-id=<resent-RB300-0272@sender.lab.test>
Sep 05 10:35:31 postfix3 postfix/cleanup[195]: 9310DC5176: resent-message-id=<resent-RB300-0273@sender.lab.test>
Sep 05 10:35:31 postfix3 postfix/cleanup[195]: 9310DC5176: resent-message-id=<resent-RB300-0274@sender.lab.test>
Sep 05 10:35:31 postfix3 postfix/cleanup[195]: 9310DC5176: resent-message-id=<resent-RB300-0275@sender.lab.test>
Sep 05 10:35:31 postfix3 postfix/cleanup[195]: 9310DC5176: resent-message-id=<resent-RB300-0276@sender.lab.test>
Sep 05 10:35:31 postfix3 postfix/cleanup[195]: 9310DC5176: resent-message-id=<resent-RB300-0277@sender.lab.test>
Sep 05 10:35:31 postfix3 postfix/cleanup[195]: 9310DC5176: resent-message-id=<resent-RB300-0278@sender.lab.test>
Sep 05 10:35:31 postfix3 postfix/cleanup[195]: 9310DC5176: resent-message-id=<resent-RB300-0279@sender.lab.test>
Sep 05 10:35:31 postfix3 postfix/cleanup[195]: 9310DC5176: resent-message-id=<resent-RB300-0280@sender.lab.test>
Sep 05 10:35:31 postfix3 postfix/cleanup[195]: 9310DC5176: resent-message-id=<resent-RB300-0281@sender.lab.test>
Sep 05 10:35:31 postfix3 postfix/cleanup[195]: 9310DC5176: resent-message-id=<resent-RB300-0282@sender.lab.test>
Sep 05 10:35:31 postfix3 postfix/cleanup[195]: 9310DC5176: resent-message-id=<resent-RB300-0283@sender.lab.test>
Sep 05 10:35:31 postfix3 postfix/cleanup[195]: 9310DC5176: resent-message-id=<resent-RB300-0284@sender.lab.test>
Sep 05 10:35:31 postfix3 postfix/cleanup[195]: 9310DC5176: resent-message-id=<resent-RB300-0285@sender.lab.test>
Sep 05 10:35:31 postfix3 postfix/cleanup[195]: 9310DC5176: resent-message-id=<resent-RB300-0286@sender.lab.test>
Sep 05 10:35:31 postfix3 postfix/cleanup[195]: 9310DC5176: resent-message-id=<resent-RB300-0287@sender.lab.test>
Sep 05 10:35:31 postfix3 postfix/cleanup[195]: 9310DC5176: resent-message-id=<resent-RB300-0288@sender.lab.test>
Sep 05 10:35:31 postfix3 postfix/cleanup[195]: 9310DC5176: resent-message-id=<resent-RB300-0289@sender.lab.test>
Sep 05 10:35:31 postfix3 postfix/cleanup[195]: 9310DC5176: resent-message-id=<resent-RB300-0290@sender.lab.test>
Sep 05 10:35:31 postfix3 postfix/cleanup[195]: 9310DC5176: resent-message-id=<resent-RB300-0291@sender.lab.test>
Sep 05 10:35:31 postfix3 postfix/cleanup[195]: 9310DC5176: resent-message-id=<resent-RB300-0292@sender.lab.test>
Sep 05 10:35:31 postfix3 postfix/cleanup[195]: 9310DC5176: resent-message-id=<resent-RB300-0293@sender.lab.test>
Sep 05 10:35:31 postfix3 postfix/cleanup[195]: 9310DC5176: resent-message-id=<resent-RB300-0294@sender.lab.test>
Sep 05 10:35:31 postfix3 postfix/cleanup[195]: 9310DC5176: resent-message-id=<resent-RB300-0295@sender.lab.test>
Sep 05 10:35:31 postfix3 postfix/cleanup[195]: 9310DC5176: resent-message-id=<resent-RB300-0296@sender.lab.test>
Sep 05 10:35:31 postfix3 postfix/cleanup[195]: 9310DC5176: resent-message-id=<resent-RB300-0297@sender.lab.test>
Sep 05 10:35:31 postfix3 postfix/cleanup[195]: 9310DC5176: resent-message-id=<resent-RB300-0298@sender.lab.test>
Sep 05 10:35:31 postfix3 postfix/cleanup[195]: 9310DC5176: resent-message-id=<resent-RB300-0299@sender.lab.test>
Sep 05 10:35:31 postfix3 postfix/cleanup[195]: 9310DC5176: message-id=<RB300@sender.lab.test>
Sep 05 10:35:31 postfix3 postfix/qmgr[183]: 9310DC5176: from=<alice@sender.lab.test>, size=56620, nrcpt=1 (queue active)
Sep 05 10:35:31 postfix3 postfix/smtpd[191]: disconnect from postfix2.received-lab_mailnet[172.22.0.5] ehlo=1 mail=1 rcpt=1 data=1 quit=1 commands=5
Sep 05 10:35:31 postfix3 postfix/smtp[196]: 9310DC5176: to=<bob@receiver.lab.test>, relay=mailpit[172.22.0.2]:1025, delay=0.03, delays=0.01/0/0.01/0.01, dsn=2.0.0, status=sent (250 2.0.0 Ok: queued as 7UO4zekV0JJ0OxAU227uqR)
Sep 05 10:35:31 postfix3 postfix/qmgr[183]: 9310DC5176: removed
