FOUND: yes
RAW_SHA256: 0ae2bb78f77bdd03cce32ef56655c6ec486f0fc4ebd6bbb75131f68347132c8c
RAW_BYTES: 93808
HEADER_SECTION_BYTES: 93779
HEADER_END_OFFSET: 93779
BODY_OFFSET: 93783
FIRST_MALFORMED_OFFSET: 
LOGICAL_HEADERS: 11
RECEIVED_EXACT: 5
RECEIVED_CI: 5
RECEIVED_SPACE: 0
RECEIVED_UTF8: 0
RECEIVED_IN_BODY: 0
MALFORMED_IN_HEADER: 0
LARGEST_HEADER_BYTES: 92744
NAME Received: header=5 body=0
NAME From: header=1 body=0
NAME To: header=1 body=0
NAME Subject: header=1 body=0
NAME Message-ID: header=1 body=0
NAME X-Case-ID: header=1 body=0
NAME MIME-Error: header=0 body=0
