FOUND: yes
RAW_SHA256: d68100c9c4d88bb0030e52027386d35c6af1cef3b5dc885209088b7ec3811aef
RAW_BYTES: 1176
HEADER_SECTION_BYTES: 964
HEADER_END_OFFSET: 964
BODY_OFFSET: 968
FIRST_MALFORMED_OFFSET: 
LOGICAL_HEADERS: 8
RECEIVED_EXACT: 4
RECEIVED_CI: 4
RECEIVED_SPACE: 0
RECEIVED_UTF8: 0
RECEIVED_IN_BODY: 0
MALFORMED_IN_HEADER: 0
LARGEST_HEADER_BYTES: 209
NAME Received: header=4 body=0
NAME From: header=0 body=1
NAME To: header=0 body=1
NAME Subject: header=0 body=1
NAME Message-ID: header=1 body=1
NAME X-Case-ID: header=1 body=0
NAME MIME-Error: header=0 body=0
