FOUND: yes
RAW_SHA256: b07891daf6e793e979dbbe412db1c43ef9acfa36eebd84da9a8f74109543e04e
RAW_BYTES: 3612
HEADER_SECTION_BYTES: 3583
HEADER_END_OFFSET: 3583
BODY_OFFSET: 3587
FIRST_MALFORMED_OFFSET: 
LOGICAL_HEADERS: 60
RECEIVED_EXACT: 4
RECEIVED_CI: 4
RECEIVED_SPACE: 0
RECEIVED_UTF8: 0
RECEIVED_IN_BODY: 0
MALFORMED_IN_HEADER: 0
LARGEST_HEADER_BYTES: 209
NAME Received: header=4 body=0
NAME From: header=1 body=0
NAME To: header=1 body=0
NAME Subject: header=51 body=0
NAME Message-ID: header=1 body=0
NAME X-Case-ID: header=1 body=0
NAME MIME-Error: header=0 body=0
