FOUND: yes
RAW_SHA256: 523f9530367989de9b048502168c9113b9eaa52b78edbb93aa4046a258c927fa
RAW_BYTES: 102764
HEADER_SECTION_BYTES: 102735
HEADER_END_OFFSET: 102735
BODY_OFFSET: 102739
FIRST_MALFORMED_OFFSET: 
LOGICAL_HEADERS: 11
RECEIVED_EXACT: 5
RECEIVED_CI: 5
RECEIVED_SPACE: 0
RECEIVED_UTF8: 0
RECEIVED_IN_BODY: 0
MALFORMED_IN_HEADER: 0
LARGEST_HEADER_BYTES: 101700
NAME Received: header=5 body=0
NAME From: header=1 body=0
NAME To: header=1 body=0
NAME Subject: header=1 body=0
NAME Message-ID: header=1 body=0
NAME X-Case-ID: header=1 body=0
NAME MIME-Error: header=0 body=0
