FOUND: yes
RAW_SHA256: 2ee7205aee5afe62fc999272cc9c8184d8c9fe662d84bd2000a5237d5289612d
RAW_BYTES: 1286
HEADER_SECTION_BYTES: 1025
HEADER_END_OFFSET: 1025
BODY_OFFSET: 1029
FIRST_MALFORMED_OFFSET: 
LOGICAL_HEADERS: 9
RECEIVED_EXACT: 4
RECEIVED_CI: 4
RECEIVED_SPACE: 0
RECEIVED_UTF8: 0
RECEIVED_IN_BODY: 1
MALFORMED_IN_HEADER: 0
LARGEST_HEADER_BYTES: 209
NAME Received: header=4 body=0
NAME From: header=0 body=1
NAME To: header=0 body=1
NAME Subject: header=0 body=1
NAME Message-ID: header=1 body=1
NAME X-Case-ID: header=1 body=0
NAME MIME-Error: header=1 body=0
