FOUND: yes
RAW_SHA256: f4c35f4426343b7677ace34a8320b12ff329ff97dc940360953e179899f68149
RAW_BYTES: 640
HEADER_SECTION_BYTES: 611
HEADER_END_OFFSET: 611
BODY_OFFSET: 615
FIRST_MALFORMED_OFFSET: 
LOGICAL_HEADERS: 8
RECEIVED_EXACT: 2
RECEIVED_CI: 2
RECEIVED_SPACE: 0
RECEIVED_UTF8: 0
RECEIVED_IN_BODY: 0
MALFORMED_IN_HEADER: 0
LARGEST_HEADER_BYTES: 207
NAME Received: header=2 body=0
NAME From: header=1 body=0
NAME To: header=1 body=0
NAME Subject: header=1 body=0
NAME Message-ID: header=1 body=0
NAME X-Case-ID: header=1 body=0
NAME MIME-Error: header=0 body=0
