FOUND: yes
RAW_SHA256: 206ed189db22101fbd5efb7a2eb1d51c27c22f8735587fc235f4f91af124a5c9
RAW_BYTES: 4990
HEADER_SECTION_BYTES: 4961
HEADER_END_OFFSET: 4961
BODY_OFFSET: 4965
FIRST_MALFORMED_OFFSET: 470
LOGICAL_HEADERS: 58
RECEIVED_EXACT: 2
RECEIVED_CI: 2
RECEIVED_SPACE: 0
RECEIVED_UTF8: 50
RECEIVED_IN_BODY: 0
MALFORMED_IN_HEADER: 50
LARGEST_HEADER_BYTES: 207
NAME Received: header=2 body=0
NAME From: header=1 body=0
NAME To: header=1 body=0
NAME Subject: header=1 body=0
NAME Message-ID: header=1 body=0
NAME X-Case-ID: header=1 body=0
NAME MIME-Error: header=0 body=0
