FOUND: yes
RAW_SHA256: c3843eb57097753422560a4d76c934fb0f041e6d38b14af43d26f76cdd99400f
RAW_BYTES: 3190
HEADER_SECTION_BYTES: 3161
HEADER_END_OFFSET: 3161
BODY_OFFSET: 3165
FIRST_MALFORMED_OFFSET: 
LOGICAL_HEADERS: 58
RECEIVED_EXACT: 2
RECEIVED_CI: 2
RECEIVED_SPACE: 0
RECEIVED_UTF8: 0
RECEIVED_IN_BODY: 0
MALFORMED_IN_HEADER: 0
LARGEST_HEADER_BYTES: 207
NAME Received: header=2 body=0
NAME From: header=1 body=0
NAME To: header=1 body=0
NAME Subject: header=51 body=0
NAME Message-ID: header=1 body=0
NAME X-Case-ID: header=1 body=0
NAME MIME-Error: header=0 body=0
