FOUND: yes
RAW_SHA256: 87fbc31ad11754249f25e3298ee9af2c8f28e78565b01e7dc184a72bbe02d578
RAW_BYTES: 642
HEADER_SECTION_BYTES: 613
HEADER_END_OFFSET: 613
BODY_OFFSET: 617
FIRST_MALFORMED_OFFSET: 
LOGICAL_HEADERS: 8
RECEIVED_EXACT: 2
RECEIVED_CI: 2
RECEIVED_SPACE: 0
RECEIVED_UTF8: 0
RECEIVED_IN_BODY: 0
MALFORMED_IN_HEADER: 0
LARGEST_HEADER_BYTES: 219
NAME Received: header=2 body=0
NAME From: header=1 body=0
NAME To: header=1 body=0
NAME Subject: header=1 body=0
NAME Message-ID: header=1 body=0
NAME X-Case-ID: header=1 body=0
NAME MIME-Error: header=0 body=0
