FOUND: yes
RAW_SHA256: 66e916a7c64723d27001ebe1e5dae5b41faa78bc0c9fa3bc08ed07f574b05dbd
RAW_BYTES: 1075
HEADER_SECTION_BYTES: 1046
HEADER_END_OFFSET: 1046
BODY_OFFSET: 1050
FIRST_MALFORMED_OFFSET: 470
LOGICAL_HEADERS: 13
RECEIVED_EXACT: 2
RECEIVED_CI: 7
RECEIVED_SPACE: 0
RECEIVED_UTF8: 0
RECEIVED_IN_BODY: 0
MALFORMED_IN_HEADER: 5
LARGEST_HEADER_BYTES: 207
NAME Received: header=7 body=0
NAME From: header=1 body=0
NAME To: header=1 body=0
NAME Subject: header=1 body=0
NAME Message-ID: header=1 body=0
NAME X-Case-ID: header=1 body=0
NAME MIME-Error: header=0 body=0
