CASE_ID: V006
< 220 opensmtpd.lab.test ESMTP OpenSMTPD
> EHLO client.lab.test
< 250-opensmtpd.lab.test Hello client.lab.test [172.22.0.3], pleased to meet you
< 250-8BITMIME
< 250-ENHANCEDSTATUSCODES
< 250-SIZE 36700160
< 250-DSN
< 250 HELP
> MAIL FROM:<alice@sender.lab.test>
< 250 2.0.0 Ok
> RCPT TO:<bob@receiver.lab.test>
< 250 2.1.5 Destination address valid: Recipient ok
> DATA
< 354 Enter mail, end with "." on a line by itself
< 250 2.0.0 8cbb11c8 Message accepted for delivery
DATA_REPLY: 250 2.0.0 8cbb11c8 Message accepted for delivery
MESSAGE_BYTES: 620
> QUIT
< 221 2.0.0 Bye
