FOUND: yes
RAW_SHA256: 1fd838928d22f57c5b1db660d597132eac00fdb112e0f6872535dde096bffdb8
RAW_BYTES: 727
HEADER_SECTION_BYTES: 698
HEADER_END_OFFSET: 698
BODY_OFFSET: 702
FIRST_MALFORMED_OFFSET: 470
LOGICAL_HEADERS: 9
RECEIVED_EXACT: 2
RECEIVED_CI: 2
RECEIVED_SPACE: 0
RECEIVED_UTF8: 1
RECEIVED_IN_BODY: 0
MALFORMED_IN_HEADER: 1
LARGEST_HEADER_BYTES: 207
NAME Received: header=2 body=0
NAME From: header=1 body=0
NAME To: header=1 body=0
NAME Subject: header=1 body=0
NAME Message-ID: header=1 body=0
NAME X-Case-ID: header=1 body=0
NAME MIME-Error: header=0 body=0
