FOUND: yes
RAW_SHA256: 38a200a49d075706505fd3115a75fff579914befd6fa22eb88a21c8ad6338a1e
RAW_BYTES: 1062
HEADER_SECTION_BYTES: 1033
HEADER_END_OFFSET: 1033
BODY_OFFSET: 1037
FIRST_MALFORMED_OFFSET: 
LOGICAL_HEADERS: 10
RECEIVED_EXACT: 4
RECEIVED_CI: 4
RECEIVED_SPACE: 0
RECEIVED_UTF8: 0
RECEIVED_IN_BODY: 0
MALFORMED_IN_HEADER: 0
LARGEST_HEADER_BYTES: 209
NAME Received: header=4 body=0
NAME From: header=1 body=0
NAME To: header=1 body=0
NAME Subject: header=1 body=0
NAME Message-ID: header=1 body=0
NAME X-Case-ID: header=1 body=0
NAME MIME-Error: header=0 body=0
