FOUND: yes
RAW_SHA256: e3ba187ab7f72f5af9070e7354ef13c8856e5841d839e4e96ecc2f11ce2041bd
RAW_BYTES: 5654
HEADER_SECTION_BYTES: 5625
HEADER_END_OFFSET: 5625
BODY_OFFSET: 5629
FIRST_MALFORMED_OFFSET: 
LOGICAL_HEADERS: 54
RECEIVED_EXACT: 48
RECEIVED_CI: 48
RECEIVED_SPACE: 0
RECEIVED_UTF8: 0
RECEIVED_IN_BODY: 0
MALFORMED_IN_HEADER: 0
LARGEST_HEADER_BYTES: 207
NAME Received: header=48 body=0
NAME From: header=1 body=0
NAME To: header=1 body=0
NAME Subject: header=1 body=0
NAME Message-ID: header=1 body=0
NAME X-Case-ID: header=1 body=0
NAME MIME-Error: header=0 body=0
