FOUND: yes
RAW_SHA256: 75be473b78b4747bc968e6990a0cabad43176ba75df69eca70801f92f619b0d5
RAW_BYTES: 6076
HEADER_SECTION_BYTES: 6047
HEADER_END_OFFSET: 6047
BODY_OFFSET: 6051
FIRST_MALFORMED_OFFSET: 
LOGICAL_HEADERS: 56
RECEIVED_EXACT: 4
RECEIVED_CI: 50
RECEIVED_SPACE: 0
RECEIVED_UTF8: 0
RECEIVED_IN_BODY: 0
MALFORMED_IN_HEADER: 0
LARGEST_HEADER_BYTES: 209
NAME Received: header=50 body=0
NAME From: header=1 body=0
NAME To: header=1 body=0
NAME Subject: header=1 body=0
NAME Message-ID: header=1 body=0
NAME X-Case-ID: header=1 body=0
NAME MIME-Error: header=0 body=0
