FOUND: yes
RAW_SHA256: 33cfd4c11fe434786fa288424c6ce8f963a045215cb3f87c6a4b9a408bd29eb2
RAW_BYTES: 6065
HEADER_SECTION_BYTES: 6036
HEADER_END_OFFSET: 6036
BODY_OFFSET: 6040
FIRST_MALFORMED_OFFSET: 
LOGICAL_HEADERS: 56
RECEIVED_EXACT: 50
RECEIVED_CI: 50
RECEIVED_SPACE: 0
RECEIVED_UTF8: 0
RECEIVED_IN_BODY: 0
MALFORMED_IN_HEADER: 0
LARGEST_HEADER_BYTES: 206
NAME Received: header=50 body=0
NAME From: header=1 body=0
NAME To: header=1 body=0
NAME Subject: header=1 body=0
NAME Message-ID: header=1 body=0
NAME X-Case-ID: header=1 body=0
NAME MIME-Error: header=0 body=0
