FOUND: yes
RAW_SHA256: f626aa5264eebc11b3439e2ec2d71f388164297933e31dc2c526ce822b90ed42
RAW_BYTES: 5477
HEADER_SECTION_BYTES: 953
HEADER_END_OFFSET: 953
BODY_OFFSET: 957
FIRST_MALFORMED_OFFSET: 
LOGICAL_HEADERS: 8
RECEIVED_EXACT: 4
RECEIVED_CI: 4
RECEIVED_SPACE: 0
RECEIVED_UTF8: 0
RECEIVED_IN_BODY: 50
MALFORMED_IN_HEADER: 0
LARGEST_HEADER_BYTES: 206
NAME Received: header=4 body=0
NAME From: header=0 body=1
NAME To: header=0 body=1
NAME Subject: header=0 body=1
NAME Message-ID: header=1 body=1
NAME X-Case-ID: header=1 body=0
NAME MIME-Error: header=0 body=0
