FOUND: yes
RAW_SHA256: 8f107b1526774186fd95e10b81d3bc88245b30e1387d4ad46f14f0e459203a74
RAW_BYTES: 1492
HEADER_SECTION_BYTES: 1463
HEADER_END_OFFSET: 1463
BODY_OFFSET: 1467
FIRST_MALFORMED_OFFSET: 
LOGICAL_HEADERS: 15
RECEIVED_EXACT: 9
RECEIVED_CI: 9
RECEIVED_SPACE: 0
RECEIVED_UTF8: 0
RECEIVED_IN_BODY: 0
MALFORMED_IN_HEADER: 0
LARGEST_HEADER_BYTES: 209
NAME Received: header=9 body=0
NAME From: header=1 body=0
NAME To: header=1 body=0
NAME Subject: header=1 body=0
NAME Message-ID: header=1 body=0
NAME X-Case-ID: header=1 body=0
NAME MIME-Error: header=0 body=0
