FOUND: yes
RAW_SHA256: bf947d497359970f6e624f62ade335c19ec7f5e7b9a4ce4eb735bbcfe9f9a232
RAW_BYTES: 3596
HEADER_SECTION_BYTES: 3567
HEADER_END_OFFSET: 3567
BODY_OFFSET: 3571
FIRST_MALFORMED_OFFSET: 
LOGICAL_HEADERS: 60
RECEIVED_EXACT: 4
RECEIVED_CI: 4
RECEIVED_SPACE: 0
RECEIVED_UTF8: 0
RECEIVED_IN_BODY: 0
MALFORMED_IN_HEADER: 0
LARGEST_HEADER_BYTES: 204
NAME Received: header=4 body=0
NAME From: header=1 body=0
NAME To: header=1 body=0
NAME Subject: header=51 body=0
NAME Message-ID: header=1 body=0
NAME X-Case-ID: header=1 body=0
NAME MIME-Error: header=0 body=0
