FOUND: yes
RAW_SHA256: 27d6da7ff12b1598df2d958c0d783058a4b7008d43e392b299bde383c4f9604b
RAW_BYTES: 93388
HEADER_SECTION_BYTES: 93359
HEADER_END_OFFSET: 93359
BODY_OFFSET: 93363
FIRST_MALFORMED_OFFSET: 
LOGICAL_HEADERS: 9
RECEIVED_EXACT: 3
RECEIVED_CI: 3
RECEIVED_SPACE: 0
RECEIVED_UTF8: 0
RECEIVED_IN_BODY: 0
MALFORMED_IN_HEADER: 0
LARGEST_HEADER_BYTES: 92744
NAME Received: header=3 body=0
NAME From: header=1 body=0
NAME To: header=1 body=0
NAME Subject: header=1 body=0
NAME Message-ID: header=1 body=0
NAME X-Case-ID: header=1 body=0
NAME MIME-Error: header=0 body=0
