FOUND: yes
RAW_SHA256: f8deb74df1dcac2e576d6519e2a5ef4ed8c77baf24707b9c3311dd273214425d
RAW_BYTES: 756
HEADER_SECTION_BYTES: 544
HEADER_END_OFFSET: 544
BODY_OFFSET: 548
FIRST_MALFORMED_OFFSET: 
LOGICAL_HEADERS: 6
RECEIVED_EXACT: 2
RECEIVED_CI: 2
RECEIVED_SPACE: 0
RECEIVED_UTF8: 0
RECEIVED_IN_BODY: 0
MALFORMED_IN_HEADER: 0
LARGEST_HEADER_BYTES: 219
NAME Received: header=2 body=0
NAME From: header=0 body=1
NAME To: header=0 body=1
NAME Subject: header=0 body=1
NAME Message-ID: header=1 body=1
NAME X-Case-ID: header=1 body=0
NAME MIME-Error: header=0 body=0
