FOUND: yes
RAW_SHA256: b95bdadfaf1174d2c6d4183343726f4311a828b7dd0ed244e44834808e706857
RAW_BYTES: 1160
HEADER_SECTION_BYTES: 948
HEADER_END_OFFSET: 948
BODY_OFFSET: 952
FIRST_MALFORMED_OFFSET: 
LOGICAL_HEADERS: 8
RECEIVED_EXACT: 4
RECEIVED_CI: 4
RECEIVED_SPACE: 0
RECEIVED_UTF8: 0
RECEIVED_IN_BODY: 0
MALFORMED_IN_HEADER: 0
LARGEST_HEADER_BYTES: 204
NAME Received: header=4 body=0
NAME From: header=0 body=1
NAME To: header=0 body=1
NAME Subject: header=0 body=1
NAME Message-ID: header=1 body=1
NAME X-Case-ID: header=1 body=0
NAME MIME-Error: header=0 body=0
