FOUND: yes
RAW_SHA256: b0676a5bef19b2a390950791651bc53172ec30e30f055d59da4a37f0c118c6bc
RAW_BYTES: 1051
HEADER_SECTION_BYTES: 1022
HEADER_END_OFFSET: 1022
BODY_OFFSET: 1026
FIRST_MALFORMED_OFFSET: 
LOGICAL_HEADERS: 10
RECEIVED_EXACT: 4
RECEIVED_CI: 4
RECEIVED_SPACE: 0
RECEIVED_UTF8: 0
RECEIVED_IN_BODY: 0
MALFORMED_IN_HEADER: 0
LARGEST_HEADER_BYTES: 206
NAME Received: header=4 body=0
NAME From: header=1 body=0
NAME To: header=1 body=0
NAME Subject: header=1 body=0
NAME Message-ID: header=1 body=0
NAME X-Case-ID: header=1 body=0
NAME MIME-Error: header=0 body=0
