FOUND: yes
RAW_SHA256: 471aedad281df0b514eaa95095ca06514f5fec4a147379098390c4f889d575fe
RAW_BYTES: 5654
HEADER_SECTION_BYTES: 5625
HEADER_END_OFFSET: 5625
BODY_OFFSET: 5629
FIRST_MALFORMED_OFFSET: 
LOGICAL_HEADERS: 54
RECEIVED_EXACT: 2
RECEIVED_CI: 48
RECEIVED_SPACE: 0
RECEIVED_UTF8: 0
RECEIVED_IN_BODY: 0
MALFORMED_IN_HEADER: 0
LARGEST_HEADER_BYTES: 207
NAME Received: header=48 body=0
NAME From: header=1 body=0
NAME To: header=1 body=0
NAME Subject: header=1 body=0
NAME Message-ID: header=1 body=0
NAME X-Case-ID: header=1 body=0
NAME MIME-Error: header=0 body=0
