FOUND: yes
RAW_SHA256: 9917882e5221abfaf48caaf08e7134f88358406b5896af65ca27307399e882a2
RAW_BYTES: 93386
HEADER_SECTION_BYTES: 93357
HEADER_END_OFFSET: 93357
BODY_OFFSET: 93361
FIRST_MALFORMED_OFFSET: 
LOGICAL_HEADERS: 9
RECEIVED_EXACT: 3
RECEIVED_CI: 3
RECEIVED_SPACE: 0
RECEIVED_UTF8: 0
RECEIVED_IN_BODY: 0
MALFORMED_IN_HEADER: 0
LARGEST_HEADER_BYTES: 92744
NAME Received: header=3 body=0
NAME From: header=1 body=0
NAME To: header=1 body=0
NAME Subject: header=1 body=0
NAME Message-ID: header=1 body=0
NAME X-Case-ID: header=1 body=0
NAME MIME-Error: header=0 body=0
