FOUND: yes
RAW_SHA256: 629759337e83558c53b8a57fc8cec66bc1135f31f4acaa09be34994ed0ab12e0
RAW_BYTES: 1077
HEADER_SECTION_BYTES: 1048
HEADER_END_OFFSET: 1048
BODY_OFFSET: 1052
FIRST_MALFORMED_OFFSET: 472
LOGICAL_HEADERS: 13
RECEIVED_EXACT: 2
RECEIVED_CI: 7
RECEIVED_SPACE: 0
RECEIVED_UTF8: 0
RECEIVED_IN_BODY: 0
MALFORMED_IN_HEADER: 5
LARGEST_HEADER_BYTES: 219
NAME Received: header=7 body=0
NAME From: header=1 body=0
NAME To: header=1 body=0
NAME Subject: header=1 body=0
NAME Message-ID: header=1 body=0
NAME X-Case-ID: header=1 body=0
NAME MIME-Error: header=0 body=0
