FOUND: yes
RAW_SHA256: 9024688cc550ed72a0da6c50f0aa51055f57ce9d8c8a1e485a69d7ac1527c446
RAW_BYTES: 154520
HEADER_SECTION_BYTES: 154491
HEADER_END_OFFSET: 154491
BODY_OFFSET: 154495
FIRST_MALFORMED_OFFSET: 
LOGICAL_HEADERS: 9
RECEIVED_EXACT: 3
RECEIVED_CI: 3
RECEIVED_SPACE: 0
RECEIVED_UTF8: 0
RECEIVED_IN_BODY: 0
MALFORMED_IN_HEADER: 0
LARGEST_HEADER_BYTES: 153876
NAME Received: header=3 body=0
NAME From: header=1 body=0
NAME To: header=1 body=0
NAME Subject: header=1 body=0
NAME Message-ID: header=1 body=0
NAME X-Case-ID: header=1 body=0
NAME MIME-Error: header=0 body=0
