FOUND: yes
RAW_SHA256: 881f0caef45b839d68ef5f5042beccc7edecb9f5e24285d16b8f376eac38e4a1
RAW_BYTES: 4992
HEADER_SECTION_BYTES: 4963
HEADER_END_OFFSET: 4963
BODY_OFFSET: 4967
FIRST_MALFORMED_OFFSET: 472
LOGICAL_HEADERS: 58
RECEIVED_EXACT: 2
RECEIVED_CI: 2
RECEIVED_SPACE: 0
RECEIVED_UTF8: 50
RECEIVED_IN_BODY: 0
MALFORMED_IN_HEADER: 50
LARGEST_HEADER_BYTES: 219
NAME Received: header=2 body=0
NAME From: header=1 body=0
NAME To: header=1 body=0
NAME Subject: header=1 body=0
NAME Message-ID: header=1 body=0
NAME X-Case-ID: header=1 body=0
NAME MIME-Error: header=0 body=0
