FOUND: yes
RAW_SHA256: 1fd9d6bf088725cea28da80b28f7ff14a5b9aa18c4d2f7c1b44f10957af222f1
RAW_BYTES: 93792
HEADER_SECTION_BYTES: 93763
HEADER_END_OFFSET: 93763
BODY_OFFSET: 93767
FIRST_MALFORMED_OFFSET: 
LOGICAL_HEADERS: 11
RECEIVED_EXACT: 5
RECEIVED_CI: 5
RECEIVED_SPACE: 0
RECEIVED_UTF8: 0
RECEIVED_IN_BODY: 0
MALFORMED_IN_HEADER: 0
LARGEST_HEADER_BYTES: 92744
NAME Received: header=5 body=0
NAME From: header=1 body=0
NAME To: header=1 body=0
NAME Subject: header=1 body=0
NAME Message-ID: header=1 body=0
NAME X-Case-ID: header=1 body=0
NAME MIME-Error: header=0 body=0
