FOUND: yes
RAW_SHA256: dce527f89cc11074ab9fd16d3c8adcc9aef48c51112bc430b175b67b4d2db35b
RAW_BYTES: 5549
HEADER_SECTION_BYTES: 1025
HEADER_END_OFFSET: 1025
BODY_OFFSET: 1029
FIRST_MALFORMED_OFFSET: 
LOGICAL_HEADERS: 9
RECEIVED_EXACT: 4
RECEIVED_CI: 4
RECEIVED_SPACE: 0
RECEIVED_UTF8: 0
RECEIVED_IN_BODY: 50
MALFORMED_IN_HEADER: 0
LARGEST_HEADER_BYTES: 209
NAME Received: header=4 body=0
NAME From: header=0 body=1
NAME To: header=0 body=1
NAME Subject: header=0 body=1
NAME Message-ID: header=1 body=1
NAME X-Case-ID: header=1 body=0
NAME MIME-Error: header=1 body=0
