FOUND: yes
RAW_SHA256: ba1691ea37f3941de03993b6ea275af25e478e78257e2a67ebde1d222dbb8a1b
RAW_BYTES: 6076
HEADER_SECTION_BYTES: 6047
HEADER_END_OFFSET: 6047
BODY_OFFSET: 6051
FIRST_MALFORMED_OFFSET: 
LOGICAL_HEADERS: 56
RECEIVED_EXACT: 4
RECEIVED_CI: 50
RECEIVED_SPACE: 0
RECEIVED_UTF8: 0
RECEIVED_IN_BODY: 0
MALFORMED_IN_HEADER: 0
LARGEST_HEADER_BYTES: 209
NAME Received: header=50 body=0
NAME From: header=1 body=0
NAME To: header=1 body=0
NAME Subject: header=1 body=0
NAME Message-ID: header=1 body=0
NAME X-Case-ID: header=1 body=0
NAME MIME-Error: header=0 body=0
