FOUND: yes
RAW_SHA256: bf5d5e79eb69bbdb3c01376523fd7022b35da3004cfc2d90f033594d6cf3c991
RAW_BYTES: 3192
HEADER_SECTION_BYTES: 3163
HEADER_END_OFFSET: 3163
BODY_OFFSET: 3167
FIRST_MALFORMED_OFFSET: 
LOGICAL_HEADERS: 58
RECEIVED_EXACT: 2
RECEIVED_CI: 2
RECEIVED_SPACE: 0
RECEIVED_UTF8: 0
RECEIVED_IN_BODY: 0
MALFORMED_IN_HEADER: 0
LARGEST_HEADER_BYTES: 219
NAME Received: header=2 body=0
NAME From: header=1 body=0
NAME To: header=1 body=0
NAME Subject: header=51 body=0
NAME Message-ID: header=1 body=0
NAME X-Case-ID: header=1 body=0
NAME MIME-Error: header=0 body=0
