FOUND: yes
RAW_SHA256: 52ac84b7deee9785aed93cb0fe37b08727af7caa5fa261503a8b6b261a6fc210
RAW_BYTES: 729
HEADER_SECTION_BYTES: 700
HEADER_END_OFFSET: 700
BODY_OFFSET: 704
FIRST_MALFORMED_OFFSET: 472
LOGICAL_HEADERS: 9
RECEIVED_EXACT: 2
RECEIVED_CI: 2
RECEIVED_SPACE: 0
RECEIVED_UTF8: 1
RECEIVED_IN_BODY: 0
MALFORMED_IN_HEADER: 1
LARGEST_HEADER_BYTES: 219
NAME Received: header=2 body=0
NAME From: header=1 body=0
NAME To: header=1 body=0
NAME Subject: header=1 body=0
NAME Message-ID: header=1 body=0
NAME X-Case-ID: header=1 body=0
NAME MIME-Error: header=0 body=0
