FOUND: yes
RAW_SHA256: 5502961daf735d8d3a277a8a3d8c9b0359205b7ab9d60bf13b44d6d52efb7688
RAW_BYTES: 5763
HEADER_SECTION_BYTES: 5734
HEADER_END_OFFSET: 5734
BODY_OFFSET: 5738
FIRST_MALFORMED_OFFSET: 
LOGICAL_HEADERS: 55
RECEIVED_EXACT: 49
RECEIVED_CI: 49
RECEIVED_SPACE: 0
RECEIVED_UTF8: 0
RECEIVED_IN_BODY: 0
MALFORMED_IN_HEADER: 0
LARGEST_HEADER_BYTES: 207
NAME Received: header=49 body=0
NAME From: header=1 body=0
NAME To: header=1 body=0
NAME Subject: header=1 body=0
NAME Message-ID: header=1 body=0
NAME X-Case-ID: header=1 body=0
NAME MIME-Error: header=0 body=0
