FOUND: yes
RAW_SHA256: 5d362936e56d866a8b72ca9e9d52972e6f12d24fa4ff66fe7ddb03c8d21ad63c
RAW_BYTES: 1481
HEADER_SECTION_BYTES: 1452
HEADER_END_OFFSET: 1452
BODY_OFFSET: 1456
FIRST_MALFORMED_OFFSET: 
LOGICAL_HEADERS: 15
RECEIVED_EXACT: 9
RECEIVED_CI: 9
RECEIVED_SPACE: 0
RECEIVED_UTF8: 0
RECEIVED_IN_BODY: 0
MALFORMED_IN_HEADER: 0
LARGEST_HEADER_BYTES: 206
NAME Received: header=9 body=0
NAME From: header=1 body=0
NAME To: header=1 body=0
NAME Subject: header=1 body=0
NAME Message-ID: header=1 body=0
NAME X-Case-ID: header=1 body=0
NAME MIME-Error: header=0 body=0
