FOUND: yes
RAW_SHA256: 927d24a1cf084d0aeaef3f0a71c5d86fa768b2560f6fbd96c72bd8d80aea1489
RAW_BYTES: 1077
HEADER_SECTION_BYTES: 1048
HEADER_END_OFFSET: 1048
BODY_OFFSET: 1052
FIRST_MALFORMED_OFFSET: 472
LOGICAL_HEADERS: 13
RECEIVED_EXACT: 2
RECEIVED_CI: 7
RECEIVED_SPACE: 5
RECEIVED_UTF8: 0
RECEIVED_IN_BODY: 0
MALFORMED_IN_HEADER: 5
LARGEST_HEADER_BYTES: 219
NAME Received: header=7 body=0
NAME From: header=1 body=0
NAME To: header=1 body=0
NAME Subject: header=1 body=0
NAME Message-ID: header=1 body=0
NAME X-Case-ID: header=1 body=0
NAME MIME-Error: header=0 body=0
